<*GNU-Linker-generated-mapfile*> 
Archive member included to satisfy reference by file (symbol)

C:\Program Files\dSPACE RCPHIL 2023-A\DS1202\Lib/librtversion.a(RtVersion.o)
                              (--whole-archive)
C:\Program Files\dSPACE RCPHIL 2023-A\DS1202\Lib/librtglobals.a(DsEESPort.o)
                              (--whole-archive)
C:\Program Files\dSPACE RCPHIL 2023-A\DS1202\Lib/libm_fastpow.a(w_pow.o)
                              C:\Program Files\dSPACE RCPHIL 2023-A\DS1202\Lib/librt1202.so (pow)
C:\Program Files\dSPACE RCPHIL 2023-A\DS1202\Lib/libm_fastpow.a(e_pow.o)
                              C:\Program Files\dSPACE RCPHIL 2023-A\DS1202\Lib/libm_fastpow.a(w_pow.o) (__ieee754_pow)
C:\Program Files\dSPACE RCPHIL 2023-A\DS1202\Lib/libm_fastpow.a(s_scalbn.o)
                              C:\Program Files\dSPACE RCPHIL 2023-A\DS1202\Lib/libm_fastpow.a(e_pow.o) (scalbn)

As-needed library included to satisfy reference by file (symbol)

libDsRealTimeTestingRP.so.1   rti_sim_engine.o07 (dsrtt_script_service_pre_computation)

Memory Configuration

Name             Origin             Length             Attributes
*default*        0x0000000000000000 0xffffffffffffffff

Linker script and memory map

LOAD C:\ProgramData\dSPACE\8FB0EFA7-ABB4-4AA6-86AA-BC02D02B0030\Compiler\QNX650_520\target\qnx6/ppcbe/lib/crt1.o
LOAD C:\ProgramData\dSPACE\8FB0EFA7-ABB4-4AA6-86AA-BC02D02B0030\Compiler\QNX650_520\target\qnx6/ppcbe/lib/crti.o
LOAD c:/programdata/dspace/8fb0efa7-abb4-4aa6-86aa-bc02d02b0030/compiler/qnx650_520/host/win32/x86/usr/bin/../lib/gcc/powerpc-unknown-nto-qnx6.5.0/5.2.0/crtbegin.o
                0x0000000000000000                _DSPACE_START = 0x0
                0x0000000000000000                _DSPACE_START_ = 0x0
                0x00000000000004b2                DS_TARGET_PLATFORM = 0x4b2
START GROUP
LOAD MySimplifiedTestingModel_2.o07
LOAD MySimplifiedTestingModel_2_data.o07
LOAD MySimplifiedTestingModel_2_trc_ptr.o07
LOAD rtGetInf.o07
LOAD rtGetNaN.o07
LOAD rt_nonfinite.o07
LOAD rti_sim_engine.o07
LOAD rti_init_c.o07
LOAD rt_sim.o07
LOAD rti_assert.o07
LOAD C:\Program Files\dSPACE RCPHIL 2023-A\DS1202\Lib/librtcan.so
LOAD C:\Program Files\dSPACE RCPHIL 2023-A\DS1202\Lib/librtj1939.so
LOAD C:\Program Files\dSPACE RCPHIL 2023-A\DS1202\Lib/librtser.so
LOAD C:\Program Files\dSPACE RCPHIL 2023-A\DS1202\Lib/librt13xxio.so
LOAD C:\Program Files\dSPACE RCPHIL 2023-A\DS1202\Lib/librt1202.so
LOAD C:\Program Files\dSPACE RCPHIL 2023-A\DS1202\Lib/librtwrap.so
LOAD C:\Program Files\dSPACE RCPHIL 2023-A\DS1202\Lib/librtversion.a
LOAD C:\Program Files\dSPACE RCPHIL 2023-A\DS1202\Lib/librtglobals.a
LOAD C:\Program Files\dSPACE RCPHIL 2023-A\DS1202\Lib/libm_fastpow.a
END GROUP
LOAD C:\Program Files\dSPACE RCPHIL 2023-A\DS1202\Lib/libstdc++.so
LOAD C:\ProgramData\dSPACE\8FB0EFA7-ABB4-4AA6-86AA-BC02D02B0030\Compiler\QNX650_520\target\qnx6/ppcbe/lib/libm.so
LOAD c:/programdata/dspace/8fb0efa7-abb4-4aa6-86aa-bc02d02b0030/compiler/qnx650_520/host/win32/x86/usr/bin/../lib/gcc/powerpc-unknown-nto-qnx6.5.0/5.2.0\libgcc.a
LOAD C:\ProgramData\dSPACE\8FB0EFA7-ABB4-4AA6-86AA-BC02D02B0030\Compiler\QNX650_520\target\qnx6/ppcbe/lib/libc.so
LOAD C:\ProgramData\dSPACE\8FB0EFA7-ABB4-4AA6-86AA-BC02D02B0030\Compiler\QNX650_520\target\qnx6/ppcbe/lib\libc.a
LOAD c:/programdata/dspace/8fb0efa7-abb4-4aa6-86aa-bc02d02b0030/compiler/qnx650_520/host/win32/x86/usr/bin/../lib/gcc/powerpc-unknown-nto-qnx6.5.0/5.2.0\libgcc.a
LOAD c:/programdata/dspace/8fb0efa7-abb4-4aa6-86aa-bc02d02b0030/compiler/qnx650_520/host/win32/x86/usr/bin/../lib/gcc/powerpc-unknown-nto-qnx6.5.0/5.2.0/crtend.o
LOAD C:\ProgramData\dSPACE\8FB0EFA7-ABB4-4AA6-86AA-BC02D02B0030\Compiler\QNX650_520\target\qnx6/ppcbe/lib/crtn.o
                [!provide]                        PROVIDE (__stack, 0x0)
                [!provide]                        PROVIDE (___stack, 0x0)
                [!provide]                        PROVIDE (__executable_start, 0x48040000)
                0x0000000048040134                . = (0x48040000 + SIZEOF_HEADERS)

.interp         0x0000000048040134       0x14
 *(.interp)
 .interp        0x0000000048040134       0x14 C:\ProgramData\dSPACE\8FB0EFA7-ABB4-4AA6-86AA-BC02D02B0030\Compiler\QNX650_520\target\qnx6/ppcbe/lib/crt1.o

.note           0x0000000048040150       0x18
 .note          0x0000000048040150       0x18 C:\ProgramData\dSPACE\8FB0EFA7-ABB4-4AA6-86AA-BC02D02B0030\Compiler\QNX650_520\target\qnx6/ppcbe/lib/crtn.o

.note.gnu.build-id
                0x0000000048040168       0x20
 *(.note.gnu.build-id)
 .note.gnu.build-id
                0x0000000048040168       0x20 C:\ProgramData\dSPACE\8FB0EFA7-ABB4-4AA6-86AA-BC02D02B0030\Compiler\QNX650_520\target\qnx6/ppcbe/lib/crt1.o

.hash           0x0000000048040188      0x278
 *(.hash)
 .hash          0x0000000048040188      0x278 C:\ProgramData\dSPACE\8FB0EFA7-ABB4-4AA6-86AA-BC02D02B0030\Compiler\QNX650_520\target\qnx6/ppcbe/lib/crt1.o

.gnu.hash
 *(.gnu.hash)

.dynsym         0x0000000048040400      0x590
 *(.dynsym)
 .dynsym        0x0000000048040400      0x590 C:\ProgramData\dSPACE\8FB0EFA7-ABB4-4AA6-86AA-BC02D02B0030\Compiler\QNX650_520\target\qnx6/ppcbe/lib/crt1.o

.dynstr         0x0000000048040990      0x6b0
 *(.dynstr)
 .dynstr        0x0000000048040990      0x6b0 C:\ProgramData\dSPACE\8FB0EFA7-ABB4-4AA6-86AA-BC02D02B0030\Compiler\QNX650_520\target\qnx6/ppcbe/lib/crt1.o

.gnu.version    0x0000000048041040        0x0
 *(.gnu.version)
 .gnu.version   0x0000000048041040        0x0 C:\ProgramData\dSPACE\8FB0EFA7-ABB4-4AA6-86AA-BC02D02B0030\Compiler\QNX650_520\target\qnx6/ppcbe/lib/crt1.o

.gnu.version_d  0x0000000048041040        0x0
 *(.gnu.version_d)
 .gnu.version_d
                0x0000000048041040        0x0 C:\ProgramData\dSPACE\8FB0EFA7-ABB4-4AA6-86AA-BC02D02B0030\Compiler\QNX650_520\target\qnx6/ppcbe/lib/crt1.o

.gnu.version_r  0x0000000048041040        0x0
 *(.gnu.version_r)
 .gnu.version_r
                0x0000000048041040        0x0 C:\ProgramData\dSPACE\8FB0EFA7-ABB4-4AA6-86AA-BC02D02B0030\Compiler\QNX650_520\target\qnx6/ppcbe/lib/crt1.o

.rel.dyn
 *(.rel.init)
 *(.rel.text .rel.text.* .rel.gnu.linkonce.t.*)
 *(.rel.fini)
 *(.rel.rodata .rel.rodata.* .rel.gnu.linkonce.r.*)
 *(.rel.data.rel.ro* .rel.gnu.linkonce.d.rel.ro.*)
 *(.rel.data .rel.data.* .rel.gnu.linkonce.d.*)
 *(.rel.tdata .rel.tdata.* .rel.gnu.linkonce.td.*)
 *(.rel.tbss .rel.tbss.* .rel.gnu.linkonce.tb.*)
 *(.rel.ctors)
 *(.rel.dtors)
 *(.rel.got)
 *(.rel.sdata .rel.sdata.* .rel.gnu.linkonce.s.*)
 *(.rel.sbss .rel.sbss.* .rel.gnu.linkonce.sb.*)
 *(.rel.sdata2 .rel.sdata2.* .rel.gnu.linkonce.s2.*)
 *(.rel.sbss2 .rel.sbss2.* .rel.gnu.linkonce.sb2.*)
 *(.rel.bss .rel.bss.* .rel.gnu.linkonce.b.*)

.rela.dyn       0x0000000048041040       0x6c
 *(.rela.init)
 *(.rela.text .rela.text.* .rela.gnu.linkonce.t.*)
 .rela.text     0x0000000048041040        0x0 C:\ProgramData\dSPACE\8FB0EFA7-ABB4-4AA6-86AA-BC02D02B0030\Compiler\QNX650_520\target\qnx6/ppcbe/lib/crt1.o
 *(.rela.fini)
 *(.rela.rodata .rela.rodata.* .rela.gnu.linkonce.r.*)
 .rela.rodata   0x0000000048041040        0x0 C:\ProgramData\dSPACE\8FB0EFA7-ABB4-4AA6-86AA-BC02D02B0030\Compiler\QNX650_520\target\qnx6/ppcbe/lib/crt1.o
 *(.rela.data .rela.data.* .rela.gnu.linkonce.d.*)
 *(.rela.tdata .rela.tdata.* .rela.gnu.linkonce.td.*)
 *(.rela.tbss .rela.tbss.* .rela.gnu.linkonce.tb.*)
 *(.rela.ctors)
 *(.rela.dtors)
 *(.rela.got)
 .rela.got      0x0000000048041040       0x48 C:\ProgramData\dSPACE\8FB0EFA7-ABB4-4AA6-86AA-BC02D02B0030\Compiler\QNX650_520\target\qnx6/ppcbe/lib/crt1.o
 *(.rela.got1)
 *(.rela.got2)
 *(.rela.sdata .rela.sdata.* .rela.gnu.linkonce.s.*)
 *(.rela.sbss .rela.sbss.* .rela.gnu.linkonce.sb.*)
 .rela.sbss     0x0000000048041088        0x0 C:\ProgramData\dSPACE\8FB0EFA7-ABB4-4AA6-86AA-BC02D02B0030\Compiler\QNX650_520\target\qnx6/ppcbe/lib/crt1.o
 *(.rela.sdata2 .rela.sdata2.* .rela.gnu.linkonce.s2.*)
 *(.rela.sbss2 .rela.sbss2.* .rela.gnu.linkonce.sb2.*)
 *(.rela.bss .rela.bss.* .rela.gnu.linkonce.b.*)
 .rela.bss      0x0000000048041088       0x24 C:\ProgramData\dSPACE\8FB0EFA7-ABB4-4AA6-86AA-BC02D02B0030\Compiler\QNX650_520\target\qnx6/ppcbe/lib/crt1.o
 .rela.iplt     0x00000000480410ac        0x0 C:\ProgramData\dSPACE\8FB0EFA7-ABB4-4AA6-86AA-BC02D02B0030\Compiler\QNX650_520\target\qnx6/ppcbe/lib/crt1.o

.rel.plt
 *(.rel.plt)

.rela.plt       0x00000000480410ac      0x348
 *(.rela.plt)
 .rela.plt      0x00000000480410ac      0x348 C:\ProgramData\dSPACE\8FB0EFA7-ABB4-4AA6-86AA-BC02D02B0030\Compiler\QNX650_520\target\qnx6/ppcbe/lib/crt1.o

.init           0x00000000480413f4       0x24
 *(.init)
 .init          0x00000000480413f4        0xc C:\ProgramData\dSPACE\8FB0EFA7-ABB4-4AA6-86AA-BC02D02B0030\Compiler\QNX650_520\target\qnx6/ppcbe/lib/crti.o
                0x00000000480413f4                _init
 .init          0x0000000048041400        0x4 c:/programdata/dspace/8fb0efa7-abb4-4aa6-86aa-bc02d02b0030/compiler/qnx650_520/host/win32/x86/usr/bin/../lib/gcc/powerpc-unknown-nto-qnx6.5.0/5.2.0/crtbegin.o
 .init          0x0000000048041404        0x4 c:/programdata/dspace/8fb0efa7-abb4-4aa6-86aa-bc02d02b0030/compiler/qnx650_520/host/win32/x86/usr/bin/../lib/gcc/powerpc-unknown-nto-qnx6.5.0/5.2.0/crtend.o
 .init          0x0000000048041408       0x10 C:\ProgramData\dSPACE\8FB0EFA7-ABB4-4AA6-86AA-BC02D02B0030\Compiler\QNX650_520\target\qnx6/ppcbe/lib/crtn.o

.text           0x0000000048041420     0x3b3c
                0x0000000048041420                _btext = .
 *(.text .stub .text.* .gnu.linkonce.t.*)
 .text          0x0000000048041420      0x118 C:\ProgramData\dSPACE\8FB0EFA7-ABB4-4AA6-86AA-BC02D02B0030\Compiler\QNX650_520\target\qnx6/ppcbe/lib/crt1.o
                0x0000000048041420                _start
 .text          0x0000000048041538        0x0 C:\ProgramData\dSPACE\8FB0EFA7-ABB4-4AA6-86AA-BC02D02B0030\Compiler\QNX650_520\target\qnx6/ppcbe/lib/crti.o
 .text          0x0000000048041538      0x2b0 c:/programdata/dspace/8fb0efa7-abb4-4aa6-86aa-bc02d02b0030/compiler/qnx650_520/host/win32/x86/usr/bin/../lib/gcc/powerpc-unknown-nto-qnx6.5.0/5.2.0/crtbegin.o
 *fill*         0x00000000480417e8        0x8 00000000
 .text          0x00000000480417f0     0x1d20 MySimplifiedTestingModel_2.o07
                0x00000000480417f0                rt_roundd_snf
                0x0000000048041850                MySimplifiedTestingModel_2_output
                0x0000000048042f20                MySimplifiedTestingModel_2_update
                0x0000000048043230                MySimplifiedTestingModel_2_initialize
                0x00000000480434c0                MySimplifiedTestingModel_2_terminate
 .text          0x0000000048043510        0x0 MySimplifiedTestingModel_2_data.o07
 .text          0x0000000048043510      0x124 MySimplifiedTestingModel_2_trc_ptr.o07
                0x0000000048043600                MySimplifiedTestingModel_2_rti_init_trc_pointers
 *fill*         0x0000000048043634        0xc 00000000
 .text          0x0000000048043640       0x5c rtGetInf.o07
                0x0000000048043640                rtGetInf
                0x0000000048043660                rtGetInfF
                0x0000000048043670                rtGetMinusInf
                0x0000000048043690                rtGetMinusInfF
 *fill*         0x000000004804369c        0x4 00000000
 .text          0x00000000480436a0       0x3c rtGetNaN.o07
                0x00000000480436a0                rtGetNaN
                0x00000000480436d0                rtGetNaNF
 *fill*         0x00000000480436dc        0x4 00000000
 .text          0x00000000480436e0      0x158 rt_nonfinite.o07
                0x00000000480436e0                rt_InitInfAndNaN
                0x0000000048043740                rtIsInf
                0x0000000048043770                rtIsInfF
                0x00000000480437a0                rtIsNaN
                0x00000000480437f0                rtIsNaNF
 *fill*         0x0000000048043838        0x8 00000000
 .text          0x0000000048043840      0x424 rti_sim_engine.o07
                0x0000000048043bf0                rtk_idle_function
                0x0000000048043c00                rti_th_timertask1_trigger_source
                0x0000000048043c50                initConditions
                0x0000000048043c60                initVariables
 *fill*         0x0000000048043c64        0xc 00000000
 .text.startup  0x0000000048043c70      0x6e0 rti_sim_engine.o07
                0x0000000048043c70                main
 .text          0x0000000048044350       0x40 rti_init_c.o07
                0x0000000048044350                rti_init
 .text          0x0000000048044390       0x44 rt_sim.o07
                0x0000000048044390                rt_SimInitTimingEngine
                0x00000000480443c0                rt_SimGetNextSampleHit
                0x00000000480443d0                rt_SimUpdateDiscreteTaskSampleHits
 *fill*         0x00000000480443d4        0xc 00000000
 .text          0x00000000480443e0       0xd4 rti_assert.o07
                0x00000000480443e0                rti_assertion_handler
                0x0000000048044470                rti_assertion_mode_msg
 .text          0x00000000480444b4        0x0 C:\Program Files\dSPACE RCPHIL 2023-A\DS1202\Lib/librtversion.a(RtVersion.o)
 *fill*         0x00000000480444b4        0xc 00000000
 .text          0x00000000480444c0        0x4 C:\Program Files\dSPACE RCPHIL 2023-A\DS1202\Lib/librtglobals.a(DsEESPort.o)
                0x00000000480444c0                DsEesPort_init()
 .text          0x00000000480444c4       0x20 C:\Program Files\dSPACE RCPHIL 2023-A\DS1202\Lib/libm_fastpow.a(w_pow.o)
                0x00000000480444c4                pow
 .text          0x00000000480444e4      0x85c C:\Program Files\dSPACE RCPHIL 2023-A\DS1202\Lib/libm_fastpow.a(e_pow.o)
                0x00000000480444e4                __ieee754_pow
 .text          0x0000000048044d40      0x188 C:\Program Files\dSPACE RCPHIL 2023-A\DS1202\Lib/libm_fastpow.a(s_scalbn.o)
                0x0000000048044d40                scalbn
 .text          0x0000000048044ec8       0x94 c:/programdata/dspace/8fb0efa7-abb4-4aa6-86aa-bc02d02b0030/compiler/qnx650_520/host/win32/x86/usr/bin/../lib/gcc/powerpc-unknown-nto-qnx6.5.0/5.2.0/crtend.o
 .text          0x0000000048044f5c        0x0 C:\ProgramData\dSPACE\8FB0EFA7-ABB4-4AA6-86AA-BC02D02B0030\Compiler\QNX650_520\target\qnx6/ppcbe/lib/crtn.o
 *(.gnu.warning)
 *(.glink)
 .glink         0x0000000048044f5c        0x0 C:\ProgramData\dSPACE\8FB0EFA7-ABB4-4AA6-86AA-BC02D02B0030\Compiler\QNX650_520\target\qnx6/ppcbe/lib/crt1.o

.fini           0x0000000048044f5c       0x20
 *(.fini)
 .fini          0x0000000048044f5c        0xc C:\ProgramData\dSPACE\8FB0EFA7-ABB4-4AA6-86AA-BC02D02B0030\Compiler\QNX650_520\target\qnx6/ppcbe/lib/crti.o
                0x0000000048044f5c                _fini
 .fini          0x0000000048044f68        0x4 c:/programdata/dspace/8fb0efa7-abb4-4aa6-86aa-bc02d02b0030/compiler/qnx650_520/host/win32/x86/usr/bin/../lib/gcc/powerpc-unknown-nto-qnx6.5.0/5.2.0/crtbegin.o
 .fini          0x0000000048044f6c       0x10 C:\ProgramData\dSPACE\8FB0EFA7-ABB4-4AA6-86AA-BC02D02B0030\Compiler\QNX650_520\target\qnx6/ppcbe/lib/crtn.o
                [!provide]                        PROVIDE (__etext, .)
                0x0000000048044f7c                PROVIDE (_etext, .)
                [!provide]                        PROVIDE (etext, .)

.rodata         0x0000000048044f80      0x578
 *(.rodata .rodata.* .gnu.linkonce.r.*)
 .rodata        0x0000000048044f80       0x5c MySimplifiedTestingModel_2.o07
                0x0000000048044fd8                MySimplifiedTestingModel_2_M
 .rodata.cst4   0x0000000048044fdc       0x24 MySimplifiedTestingModel_2.o07
 .rodata.cst8   0x0000000048045000       0x10 MySimplifiedTestingModel_2.o07
 .rodata.str1.4
                0x0000000048045010       0x12 MySimplifiedTestingModel_2.o07
 *fill*         0x0000000048045022        0x2 
 .rodata.cst4   0x0000000048045024        0x8 rtGetInf.o07
 .rodata.cst4   0x000000004804502c        0x4 rtGetNaN.o07
 .rodata        0x0000000048045030        0xc rti_sim_engine.o07
                0x0000000048045030                rtiDataSetStorageEnabled
                0x0000000048045034                p_dsts_sum_of_reset_time
                0x0000000048045038                p_msg_last_error_no
 .rodata.cst4   0x000000004804503c        0x4 rti_sim_engine.o07
 .rodata.cst8   0x000000004804503c        0x8 rti_sim_engine.o07
 .rodata.str1.4
                0x000000004804503c      0x284 rti_sim_engine.o07
 .rodata.cst4   0x00000000480452c0        0x4 rt_sim.o07
                                          0x8 (size before relaxing)
 .rodata.str1.4
                0x00000000480452c4       0x71 rt_sim.o07
 *fill*         0x0000000048045335        0x3 
 .rodata.str1.4
                0x0000000048045338       0x70 rti_assert.o07
                                         0x6d (size before relaxing)
 .rodata        0x00000000480453a8       0x30 C:\Program Files\dSPACE RCPHIL 2023-A\DS1202\Lib/libm_fastpow.a(e_pow.o)
 .rodata.cst4   0x00000000480453d8        0x8 C:\Program Files\dSPACE RCPHIL 2023-A\DS1202\Lib/libm_fastpow.a(e_pow.o)
 .rodata.cst8   0x00000000480453e0       0xe8 C:\Program Files\dSPACE RCPHIL 2023-A\DS1202\Lib/libm_fastpow.a(e_pow.o)
 .rodata.cst8   0x00000000480454c8       0x30 C:\Program Files\dSPACE RCPHIL 2023-A\DS1202\Lib/libm_fastpow.a(s_scalbn.o)

.rodata1
 *(.rodata1)

.sdata2         0x00000000480454f8        0x0
                0x0000000000008000                PROVIDE (_SDA2_BASE_, 0x8000)
 *(.sdata2 .sdata2.* .gnu.linkonce.s2.*)
 .sdata2        0x00000000480454f8        0x0 C:\ProgramData\dSPACE\8FB0EFA7-ABB4-4AA6-86AA-BC02D02B0030\Compiler\QNX650_520\target\qnx6/ppcbe/lib/crt1.o

.sbss2
 *(.sbss2 .sbss2.* .gnu.linkonce.sb2.*)

.eh_frame_hdr   0x00000000480454f8       0x14
 *(.eh_frame_hdr)
 .eh_frame_hdr  0x00000000480454f8       0x14 C:\Program Files\dSPACE RCPHIL 2023-A\DS1202\Lib/librtglobals.a(DsEESPort.o)

.eh_frame       0x000000004804550c       0x2c
 *(.eh_frame)
 .eh_frame      0x000000004804550c        0x0 C:\ProgramData\dSPACE\8FB0EFA7-ABB4-4AA6-86AA-BC02D02B0030\Compiler\QNX650_520\target\qnx6/ppcbe/lib/crt1.o
 .eh_frame      0x000000004804550c        0x0 c:/programdata/dspace/8fb0efa7-abb4-4aa6-86aa-bc02d02b0030/compiler/qnx650_520/host/win32/x86/usr/bin/../lib/gcc/powerpc-unknown-nto-qnx6.5.0/5.2.0/crtbegin.o
 .eh_frame      0x000000004804550c       0x28 C:\Program Files\dSPACE RCPHIL 2023-A\DS1202\Lib/librtglobals.a(DsEESPort.o)
 .eh_frame      0x0000000048045534        0x4 c:/programdata/dspace/8fb0efa7-abb4-4aa6-86aa-bc02d02b0030/compiler/qnx650_520/host/win32/x86/usr/bin/../lib/gcc/powerpc-unknown-nto-qnx6.5.0/5.2.0/crtend.o

.gcc_except_table
 *(.gcc_except_table .gcc_except_table.*)
                0x0000000048045538                . = (ALIGN (0x1000) - ((0x1000 - .) & 0xfff))
                0x0000000048046000                . = DATA_SEGMENT_ALIGN (0x1000, 0x1000)

.eh_frame
 *(.eh_frame)

.gcc_except_table
 *(.gcc_except_table .gcc_except_table.*)

.tdata
 *(.tdata .tdata.* .gnu.linkonce.td.*)

.tbss
 *(.tbss .tbss.* .gnu.linkonce.tb.*)
 *(.tcommon)

.preinit_array  0x0000000048046000        0x0
                0x0000000048046000                PROVIDE (__preinit_array_start, .)
 *(.preinit_array)
                0x0000000048046000                PROVIDE (__preinit_array_end, .)

.init_array     0x0000000048046000        0x0
                0x0000000048046000                PROVIDE (__init_array_start, .)
 *(SORT(.init_array.*))
 *(.init_array)
                0x0000000048046000                PROVIDE (__init_array_end, .)

.fini_array     0x0000000048046000        0x0
                0x0000000048046000                PROVIDE (__fini_array_start, .)
 *(.fini_array)
 *(SORT(.fini_array.*))
                0x0000000048046000                PROVIDE (__fini_array_end, .)

.ctors          0x0000000048046000        0x8
 *crtbegin.o(.ctors)
 .ctors         0x0000000048046000        0x4 c:/programdata/dspace/8fb0efa7-abb4-4aa6-86aa-bc02d02b0030/compiler/qnx650_520/host/win32/x86/usr/bin/../lib/gcc/powerpc-unknown-nto-qnx6.5.0/5.2.0/crtbegin.o
 *crtbegin?.o(.ctors)
 *(EXCLUDE_FILE(*crtend?.o *crtend.o) .ctors)
 *(SORT(.ctors.*))
 *(.ctors)
 .ctors         0x0000000048046004        0x4 c:/programdata/dspace/8fb0efa7-abb4-4aa6-86aa-bc02d02b0030/compiler/qnx650_520/host/win32/x86/usr/bin/../lib/gcc/powerpc-unknown-nto-qnx6.5.0/5.2.0/crtend.o

.dtors          0x0000000048046008        0x8
 *crtbegin.o(.dtors)
 .dtors         0x0000000048046008        0x4 c:/programdata/dspace/8fb0efa7-abb4-4aa6-86aa-bc02d02b0030/compiler/qnx650_520/host/win32/x86/usr/bin/../lib/gcc/powerpc-unknown-nto-qnx6.5.0/5.2.0/crtbegin.o
 *crtbegin?.o(.dtors)
 *(EXCLUDE_FILE(*crtend?.o *crtend.o) .dtors)
 *(SORT(.dtors.*))
 *(.dtors)
 .dtors         0x000000004804600c        0x4 c:/programdata/dspace/8fb0efa7-abb4-4aa6-86aa-bc02d02b0030/compiler/qnx650_520/host/win32/x86/usr/bin/../lib/gcc/powerpc-unknown-nto-qnx6.5.0/5.2.0/crtend.o
                0x000000004804600c                __DTOR_END__

.jcr            0x0000000048046010        0x4
 *(.jcr)
 .jcr           0x0000000048046010        0x0 c:/programdata/dspace/8fb0efa7-abb4-4aa6-86aa-bc02d02b0030/compiler/qnx650_520/host/win32/x86/usr/bin/../lib/gcc/powerpc-unknown-nto-qnx6.5.0/5.2.0/crtbegin.o
 .jcr           0x0000000048046010        0x4 c:/programdata/dspace/8fb0efa7-abb4-4aa6-86aa-bc02d02b0030/compiler/qnx650_520/host/win32/x86/usr/bin/../lib/gcc/powerpc-unknown-nto-qnx6.5.0/5.2.0/crtend.o

.data.rel.ro
 *(.data.rel.ro.local* .gnu.linkonce.d.rel.ro.local.*)
 *(.data.rel.ro* .gnu.linkonce.d.rel.ro.*)

.fixup
 *(.fixup)

.got1
 *(.got1)

.got2
 *(.got2)

.dynamic        0x0000000048046014      0x100
 *(.dynamic)
 .dynamic       0x0000000048046014      0x100 C:\ProgramData\dSPACE\8FB0EFA7-ABB4-4AA6-86AA-BC02D02B0030\Compiler\QNX650_520\target\qnx6/ppcbe/lib/crt1.o
                0x0000000048046014                _DYNAMIC

.got
 *(.got)
                0x0000000048046114                . = DATA_SEGMENT_RELRO_END (., 0x0)

.plt
 *(.plt)

.data           0x0000000048046118      0x108
 *(.data .data.* .gnu.linkonce.d.*)
 .data          0x0000000048046118        0x0 C:\ProgramData\dSPACE\8FB0EFA7-ABB4-4AA6-86AA-BC02D02B0030\Compiler\QNX650_520\target\qnx6/ppcbe/lib/crt1.o
 .data          0x0000000048046118        0x0 C:\ProgramData\dSPACE\8FB0EFA7-ABB4-4AA6-86AA-BC02D02B0030\Compiler\QNX650_520\target\qnx6/ppcbe/lib/crti.o
 .data          0x0000000048046118        0x0 c:/programdata/dspace/8fb0efa7-abb4-4aa6-86aa-bc02d02b0030/compiler/qnx650_520/host/win32/x86/usr/bin/../lib/gcc/powerpc-unknown-nto-qnx6.5.0/5.2.0/crtbegin.o
 .data.rel.local
                0x0000000048046118        0x4 c:/programdata/dspace/8fb0efa7-abb4-4aa6-86aa-bc02d02b0030/compiler/qnx650_520/host/win32/x86/usr/bin/../lib/gcc/powerpc-unknown-nto-qnx6.5.0/5.2.0/crtbegin.o
                0x0000000048046118                __dso_handle
 .data          0x000000004804611c        0x0 MySimplifiedTestingModel_2.o07
 *fill*         0x000000004804611c        0x4 
 .data          0x0000000048046120       0xe0 MySimplifiedTestingModel_2_data.o07
                0x0000000048046120                MySimplifiedTestingModel_2_P
 .data          0x0000000048046200        0x0 MySimplifiedTestingModel_2_trc_ptr.o07
 .data          0x0000000048046200        0x0 rtGetInf.o07
 .data          0x0000000048046200        0x0 rtGetNaN.o07
 .data          0x0000000048046200        0x0 rt_nonfinite.o07
 .data          0x0000000048046200       0x14 rti_sim_engine.o07
                0x0000000048046200                simState
                0x0000000048046210                lastSimState
 .data          0x0000000048046214        0x0 rti_init_c.o07
 .data          0x0000000048046214        0x0 rt_sim.o07
 .data          0x0000000048046214        0x0 rti_assert.o07
 .data          0x0000000048046214        0x0 C:\Program Files\dSPACE RCPHIL 2023-A\DS1202\Lib/librtversion.a(RtVersion.o)
 .data          0x0000000048046214        0x0 C:\Program Files\dSPACE RCPHIL 2023-A\DS1202\Lib/librtglobals.a(DsEESPort.o)
 .data.rel      0x0000000048046214        0xc C:\Program Files\dSPACE RCPHIL 2023-A\DS1202\Lib/librtglobals.a(DsEESPort.o)
                0x0000000048046214                p_xilapi_eesport_errorswitching_uint32_T
                0x0000000048046218                p_xilapi_eesport_erroractivated_uint32_T
                0x000000004804621c                p_xilapi_eesport_activeerrorset_uint32_T
 .data          0x0000000048046220        0x0 C:\Program Files\dSPACE RCPHIL 2023-A\DS1202\Lib/libm_fastpow.a(w_pow.o)
 .data          0x0000000048046220        0x0 C:\Program Files\dSPACE RCPHIL 2023-A\DS1202\Lib/libm_fastpow.a(e_pow.o)
 .data          0x0000000048046220        0x0 C:\Program Files\dSPACE RCPHIL 2023-A\DS1202\Lib/libm_fastpow.a(s_scalbn.o)
 .data          0x0000000048046220        0x0 c:/programdata/dspace/8fb0efa7-abb4-4aa6-86aa-bc02d02b0030/compiler/qnx650_520/host/win32/x86/usr/bin/../lib/gcc/powerpc-unknown-nto-qnx6.5.0/5.2.0/crtend.o
 .data          0x0000000048046220        0x0 C:\ProgramData\dSPACE\8FB0EFA7-ABB4-4AA6-86AA-BC02D02B0030\Compiler\QNX650_520\target\qnx6/ppcbe/lib/crtn.o

.tm_clone_table
                0x0000000048046220        0x0
 .tm_clone_table
                0x0000000048046220        0x0 c:/programdata/dspace/8fb0efa7-abb4-4aa6-86aa-bc02d02b0030/compiler/qnx650_520/host/win32/x86/usr/bin/../lib/gcc/powerpc-unknown-nto-qnx6.5.0/5.2.0/crtbegin.o
 .tm_clone_table
                0x0000000048046220        0x0 c:/programdata/dspace/8fb0efa7-abb4-4aa6-86aa-bc02d02b0030/compiler/qnx650_520/host/win32/x86/usr/bin/../lib/gcc/powerpc-unknown-nto-qnx6.5.0/5.2.0/crtend.o

.data1
 *(.data1)

.got            0x0000000048046220       0x54
 *(.got)
 .got           0x0000000048046220       0x54 C:\ProgramData\dSPACE\8FB0EFA7-ABB4-4AA6-86AA-BC02D02B0030\Compiler\QNX650_520\target\qnx6/ppcbe/lib/crt1.o
                0x0000000048046268                _GLOBAL_OFFSET_TABLE_

.sdata          0x0000000048046274        0x0
                0x0000000000008000                PROVIDE (_SDA_BASE_, 0x8000)
 *(.sdata .sdata.* .gnu.linkonce.s.*)
 .sdata         0x0000000048046274        0x0 C:\ProgramData\dSPACE\8FB0EFA7-ABB4-4AA6-86AA-BC02D02B0030\Compiler\QNX650_520\target\qnx6/ppcbe/lib/crt1.o
                0x0000000048046274                _edata = .
                [!provide]                        PROVIDE (edata, .)
                0x0000000048046274                __bss_start = .

.sbss           0x0000000048046274        0x0
                [!provide]                        PROVIDE (__sbss_start, .)
                [!provide]                        PROVIDE (___sbss_start, .)
 *(.dynsbss)
 .dynsbss       0x0000000048046274        0x0 C:\ProgramData\dSPACE\8FB0EFA7-ABB4-4AA6-86AA-BC02D02B0030\Compiler\QNX650_520\target\qnx6/ppcbe/lib/crt1.o
 *(.sbss .sbss.* .gnu.linkonce.sb.*)
 *(.scommon)
                [!provide]                        PROVIDE (__sbss_end, .)
                [!provide]                        PROVIDE (___sbss_end, .)

.plt            0x0000000048046274      0x390
 *(.plt)
 .plt           0x0000000048046274      0x390 C:\ProgramData\dSPACE\8FB0EFA7-ABB4-4AA6-86AA-BC02D02B0030\Compiler\QNX650_520\target\qnx6/ppcbe/lib/crt1.o
                0x00000000480462bc                ts_reset
                0x00000000480462c4                __register_frame_info
                0x00000000480462cc                msg_error_clear
                0x00000000480462d4                dsrtt_set_current_time
                0x00000000480462dc                sqrt
                0x00000000480462e4                rtk_current_task_absolute_time_ptr_get
                0x00000000480462ec                DsTimeSync_simstateRun
                0x00000000480462f4                floor
                0x00000000480462fc                rtk_setup_temp_overrun_handling
                0x0000000048046304                ceil
                0x000000004804630c                SrtkIntBase_requestTaskMode
                0x0000000048046314                rtk_reset_tasks
                0x000000004804631c                __cxa_finalize
                0x0000000048046324                _init_array
                0x000000004804632c                rtk_set_task_type
                0x0000000048046334                DsTimeSync_baserate
                0x000000004804633c                rtk_task_name_set
                0x0000000048046344                dsrtt_script_service_post_computation
                0x000000004804634c                rtk_create_task
                0x0000000048046354                msg_warning_printf
                0x000000004804635c                msg_last_error_number
                0x0000000048046364                dsser_transmit
                0x000000004804636c                dsparam_copy_data_set
                0x0000000048046374                SrtkPreload_preloadRegion
                0x000000004804637c                msg_error_set
                0x0000000048046384                rtk_enable_services
                0x000000004804638c                SrtkDaq_Init
                0x0000000048046394                rtk_task_task_calls_get
                0x000000004804639c                dsser_config
                0x00000000480463a4                SrtkCfg_finalizeSlaveBoot
                0x00000000480463ac                DsTimeSync_setCurrentTimePtr
                0x00000000480463b4                SrtkIntBase_enableIntGlobal
                0x00000000480463bc                rtk_overrun_flag_clear
                0x00000000480463c4                dsser_enable
                0x00000000480463cc                rtk_bind_interrupt
                0x00000000480463d4                _init_libc
                0x00000000480463dc                dsrtt_init
                0x00000000480463e4                msg_info_set
                0x00000000480463ec                dsser_disable
                0x00000000480463f4                dsser_status_read
                0x00000000480463fc                dsrtt_script_service_pre_computation
                0x0000000048046404                msg_error_printf
                0x000000004804640c                memset
                0x0000000048046414                rtk_leave_idle_mode
                0x000000004804641c                __wrap_exit
                0x0000000048046424                __wrap_atexit
                0x000000004804642c                dsser_receive_fifo_level
                0x0000000048046434                _fini_array
                0x000000004804643c                SrtkDaq_Background
                0x0000000048046444                _preinit_array
                0x000000004804644c                SrtkApp_init
                0x0000000048046454                dsser_transmit_fifo_level
                0x000000004804645c                SrtkDaq_Service
                0x0000000048046464                rtk_task_task_name_get
                0x000000004804646c                SrtkSim_notifyStateTransition
                0x0000000048046474                msg_set
                0x000000004804647c                rtk_get_subentry
                0x0000000048046484                dsrtt_set_step_size
                0x000000004804648c                rtk_enter_idle_mode
                0x0000000048046494                dsser_init
                0x000000004804649c                rtk_initialize
                0x00000000480464a4                dsser_receive
                0x00000000480464ac                SrtkApp_background
                0x00000000480464b4                rtk_default_overrun_fcn
                0x00000000480464bc                vcm_module_register
                0x00000000480464c4                DsTimeSync_simstateStop
                0x00000000480464cc                SrtkIntBase_disableIntGlobal
                0x00000000480464d4                SrtkSim_registerState
                0x00000000480464dc                __deregister_frame_info
                0x00000000480464e4                dsser_fifo_reset

.bss            0x0000000048046608      0x924
 *(.dynbss)
 .dynbss        0x0000000048046608       0x14 C:\ProgramData\dSPACE\8FB0EFA7-ABB4-4AA6-86AA-BC02D02B0030\Compiler\QNX650_520\target\qnx6/ppcbe/lib/crt1.o
                0x0000000048046608                errno
                0x0000000048046610                dsts_sum_of_reseted_time
                0x0000000048046618                msg_last_error_no
 *(.bss .bss.* .gnu.linkonce.b.*)
 .bss           0x000000004804661c        0x0 C:\ProgramData\dSPACE\8FB0EFA7-ABB4-4AA6-86AA-BC02D02B0030\Compiler\QNX650_520\target\qnx6/ppcbe/lib/crt1.o
 .bss           0x000000004804661c        0x0 C:\ProgramData\dSPACE\8FB0EFA7-ABB4-4AA6-86AA-BC02D02B0030\Compiler\QNX650_520\target\qnx6/ppcbe/lib/crti.o
 .bss           0x000000004804661c       0x20 c:/programdata/dspace/8fb0efa7-abb4-4aa6-86aa-bc02d02b0030/compiler/qnx650_520/host/win32/x86/usr/bin/../lib/gcc/powerpc-unknown-nto-qnx6.5.0/5.2.0/crtbegin.o
 *fill*         0x000000004804663c        0x4 
 .bss           0x0000000048046640      0x829 MySimplifiedTestingModel_2.o07
                0x0000000048046640                MySimplifiedTestingModel_2_B
                0x0000000048046af8                MySimplifiedTestingModel_2_DW
                0x0000000048046e68                MySimplifiedTestingMode_PrevZCX
 .bss           0x0000000048046e69        0x0 MySimplifiedTestingModel_2_data.o07
 *fill*         0x0000000048046e69        0x3 
 .bss           0x0000000048046e6c       0x34 MySimplifiedTestingModel_2_trc_ptr.o07
                0x0000000048046e6c                p_0_MySimplifiedTestingModel_2_real_T_0
                0x0000000048046e70                p_0_MySimplifiedTestingModel_2_uint32_T_1
                0x0000000048046e74                p_0_MySimplifiedTestingModel_2_int32_T_2
                0x0000000048046e78                p_0_MySimplifiedTestingModel_2_uint8_T_3
                0x0000000048046e7c                p_0_MySimplifiedTestingModel_2_boolean_T_4
                0x0000000048046e80                p_1_MySimplifiedTestingModel_2_real_T_0
                0x0000000048046e84                p_1_MySimplifiedTestingModel_2_int32_T_1
                0x0000000048046e88                p_1_MySimplifiedTestingModel_2_uint32_T_2
                0x0000000048046e8c                p_1_MySimplifiedTestingModel_2_boolean_T_3
                0x0000000048046e90                p_1_MySimplifiedTestingModel_2_uint8_T_4
                0x0000000048046e94                p_2_MySimplifiedTestingModel_2_uint16_T_0
                0x0000000048046e98                p_2_MySimplifiedTestingModel_2_uint8_T_1
                0x0000000048046e9c                p_2_MySimplifiedTestingModel_2_boolean_T_2
 .bss           0x0000000048046ea0        0x0 rtGetInf.o07
 .bss           0x0000000048046ea0        0x0 rtGetNaN.o07
 .bss           0x0000000048046ea0       0x2c rt_nonfinite.o07
                0x0000000048046ea0                rtNaN
                0x0000000048046ea8                rtNaNF
                0x0000000048046eb0                rtInf
                0x0000000048046eb8                rtInfF
                0x0000000048046ec0                rtMinusInf
                0x0000000048046ec8                rtMinusInfF
 *fill*         0x0000000048046ecc        0x4 
 .bss           0x0000000048046ed0       0x44 rti_sim_engine.o07
                0x0000000048046ed0                currentTime
                0x0000000048046ed4                finalTime
                0x0000000048046ed8                modelStepSize
                0x0000000048046ee0                rtiDS1202SER_B1_Ser
                0x0000000048046ee8                taskMode
                0x0000000048046eec                pRti_TIMERA_STime
                0x0000000048046ef0                pRti_TIMERA_TTime
                0x0000000048046ef4                pRti_TIMERA_TState
                0x0000000048046ef8                pRti_TIMERA_OType
                0x0000000048046efc                pRti_TIMERA_OMax
                0x0000000048046f00                pRti_TIMERA_ORpt
                0x0000000048046f04                pRti_TIMERA_OCnt
                0x0000000048046f08                pRti_TIMERA_TCnt
                0x0000000048046f0c                pRti_TIMERA_Prio
                0x0000000048046f10                rtiAssertionMode
 .bss           0x0000000048046f14        0x4 rti_init_c.o07
 .bss           0x0000000048046f18        0x0 rt_sim.o07
 .bss           0x0000000048046f18        0x0 rti_assert.o07
 .bss           0x0000000048046f18        0x0 C:\Program Files\dSPACE RCPHIL 2023-A\DS1202\Lib/librtversion.a(RtVersion.o)
 .bss           0x0000000048046f18       0x14 C:\Program Files\dSPACE RCPHIL 2023-A\DS1202\Lib/librtglobals.a(DsEESPort.o)
                0x0000000048046f18                xilapi_eesport_trigger_uint32_T
                0x0000000048046f1c                xilapi_eesport_flags_uint32_T
                0x0000000048046f20                xilapi_eesport_errorswitching_uint32_T
                0x0000000048046f24                xilapi_eesport_erroractivated_uint32_T
                0x0000000048046f28                xilapi_eesport_activeerrorset_uint32_T
 .bss           0x0000000048046f2c        0x0 C:\Program Files\dSPACE RCPHIL 2023-A\DS1202\Lib/libm_fastpow.a(w_pow.o)
 .bss           0x0000000048046f2c        0x0 C:\Program Files\dSPACE RCPHIL 2023-A\DS1202\Lib/libm_fastpow.a(e_pow.o)
 .bss           0x0000000048046f2c        0x0 C:\Program Files\dSPACE RCPHIL 2023-A\DS1202\Lib/libm_fastpow.a(s_scalbn.o)
 .bss           0x0000000048046f2c        0x0 c:/programdata/dspace/8fb0efa7-abb4-4aa6-86aa-bc02d02b0030/compiler/qnx650_520/host/win32/x86/usr/bin/../lib/gcc/powerpc-unknown-nto-qnx6.5.0/5.2.0/crtend.o
 .bss           0x0000000048046f2c        0x0 C:\ProgramData\dSPACE\8FB0EFA7-ABB4-4AA6-86AA-BC02D02B0030\Compiler\QNX650_520\target\qnx6/ppcbe/lib/crtn.o
 *(COMMON)
                0x0000000048046f2c                . = ALIGN ((. != 0x0)?0x4:0x1)

.iplt           0x0000000048046f30        0x0
 .iplt          0x0000000048046f30        0x0 C:\ProgramData\dSPACE\8FB0EFA7-ABB4-4AA6-86AA-BC02D02B0030\Compiler\QNX650_520\target\qnx6/ppcbe/lib/crt1.o
                0x0000000048046f30                . = ALIGN (0x4)
                0x0000000048046f30                . = ALIGN (0x4)
                0x0000000048046f30                __end = .
                0x0000000048046f30                _end = .
                [!provide]                        PROVIDE (end, .)
                0x0000000048046f30                . = DATA_SEGMENT_END (.)

.stab
 *(.stab)

.stabstr
 *(.stabstr)

.stab.excl
 *(.stab.excl)

.stab.exclstr
 *(.stab.exclstr)

.stab.index
 *(.stab.index)

.stab.indexstr
 *(.stab.indexstr)

.comment        0x0000000000000000       0x47
 *(.comment)
 .comment       0x0000000000000000       0x11 c:/programdata/dspace/8fb0efa7-abb4-4aa6-86aa-bc02d02b0030/compiler/qnx650_520/host/win32/x86/usr/bin/../lib/gcc/powerpc-unknown-nto-qnx6.5.0/5.2.0/crtbegin.o
                                         0x12 (size before relaxing)
 .comment       0x0000000000000011       0x12 MySimplifiedTestingModel_2.o07
 .comment       0x0000000000000011       0x12 MySimplifiedTestingModel_2_data.o07
 .comment       0x0000000000000011       0x12 MySimplifiedTestingModel_2_trc_ptr.o07
 .comment       0x0000000000000011       0x12 rtGetInf.o07
 .comment       0x0000000000000011       0x12 rtGetNaN.o07
 .comment       0x0000000000000011       0x12 rt_nonfinite.o07
 .comment       0x0000000000000011       0x12 rti_sim_engine.o07
 .comment       0x0000000000000011       0x12 rti_init_c.o07
 .comment       0x0000000000000011       0x12 rt_sim.o07
 .comment       0x0000000000000011       0x12 rti_assert.o07
 .comment       0x0000000000000011       0x12 C:\Program Files\dSPACE RCPHIL 2023-A\DS1202\Lib/librtversion.a(RtVersion.o)
 .comment       0x0000000000000011       0x12 C:\Program Files\dSPACE RCPHIL 2023-A\DS1202\Lib/librtglobals.a(DsEESPort.o)
 .comment       0x0000000000000011       0x12 C:\Program Files\dSPACE RCPHIL 2023-A\DS1202\Lib/libm_fastpow.a(w_pow.o)
 .comment       0x0000000000000023       0x12 C:\Program Files\dSPACE RCPHIL 2023-A\DS1202\Lib/libm_fastpow.a(e_pow.o)
 .comment       0x0000000000000035       0x12 C:\Program Files\dSPACE RCPHIL 2023-A\DS1202\Lib/libm_fastpow.a(s_scalbn.o)
 .comment       0x0000000000000047       0x12 c:/programdata/dspace/8fb0efa7-abb4-4aa6-86aa-bc02d02b0030/compiler/qnx650_520/host/win32/x86/usr/bin/../lib/gcc/powerpc-unknown-nto-qnx6.5.0/5.2.0/crtend.o

.PPC.EMB.apuinfo
                0x0000000000000000       0x18
 .PPC.EMB.apuinfo
                0x0000000000000000       0x18 MySimplifiedTestingModel_2.o07
 .PPC.EMB.apuinfo
                0x0000000000000018       0x18 rt_nonfinite.o07
 .PPC.EMB.apuinfo
                0x0000000000000030       0x18 rti_sim_engine.o07

.debug
 *(.debug)

.line
 *(.line)

.debug_srcinfo
 *(.debug_srcinfo)

.debug_sfnames
 *(.debug_sfnames)

.debug_aranges
 *(.debug_aranges)

.debug_pubnames
 *(.debug_pubnames)

.debug_info
 *(.debug_info .gnu.linkonce.wi.*)

.debug_abbrev
 *(.debug_abbrev)

.debug_line
 *(.debug_line)

.debug_frame
 *(.debug_frame)

.debug_str
 *(.debug_str)

.debug_loc
 *(.debug_loc)

.debug_macinfo
 *(.debug_macinfo)

.debug_weaknames
 *(.debug_weaknames)

.debug_funcnames
 *(.debug_funcnames)

.debug_typenames
 *(.debug_typenames)

.debug_varnames
 *(.debug_varnames)

.debug_pubtypes
 *(.debug_pubtypes)

.debug_ranges
 *(.debug_ranges)

.gnu.attributes
                0x0000000000000000       0x14
 *(.gnu.attributes)
 .gnu.attributes
                0x0000000000000000       0x10 MySimplifiedTestingModel_2.o07
 .gnu.attributes
                0x0000000000000010       0x10 rtGetInf.o07
 .gnu.attributes
                0x0000000000000020       0x10 rtGetNaN.o07
 .gnu.attributes
                0x0000000000000030       0x10 rt_nonfinite.o07
 .gnu.attributes
                0x0000000000000040       0x10 rti_sim_engine.o07
 .gnu.attributes
                0x0000000000000050       0x10 rt_sim.o07
 .gnu.attributes
                0x0000000000000060       0x10 rti_assert.o07
 .gnu.attributes
                0x0000000000000070       0x14 C:\Program Files\dSPACE RCPHIL 2023-A\DS1202\Lib/libm_fastpow.a(w_pow.o)
 .gnu.attributes
                0x0000000000000084       0x14 C:\Program Files\dSPACE RCPHIL 2023-A\DS1202\Lib/libm_fastpow.a(e_pow.o)
 .gnu.attributes
                0x0000000000000098       0x14 C:\Program Files\dSPACE RCPHIL 2023-A\DS1202\Lib/libm_fastpow.a(s_scalbn.o)

/DISCARD/
 *(.note.GNU-stack)
 *(.gnu_debuglink)
OUTPUT(MySimplifiedTestingModel_2.ppc elf32-powerpc)
