<*GNU-Linker-generated-mapfile*> 
Archive member included to satisfy reference by file (symbol)

C:\Program Files\dSPACE RCPHIL 2023-A\DS1202\Lib/librtversion.a(RtVersion.o)
                              (--whole-archive)
C:\Program Files\dSPACE RCPHIL 2023-A\DS1202\Lib/librtglobals.a(DsEESPort.o)
                              (--whole-archive)
C:\Program Files\dSPACE RCPHIL 2023-A\DS1202\Lib/libm_fastpow.a(w_pow.o)
                              C:\Program Files\dSPACE RCPHIL 2023-A\DS1202\Lib/librt1202.so (pow)
C:\Program Files\dSPACE RCPHIL 2023-A\DS1202\Lib/libm_fastpow.a(e_pow.o)
                              C:\Program Files\dSPACE RCPHIL 2023-A\DS1202\Lib/libm_fastpow.a(w_pow.o) (__ieee754_pow)
C:\Program Files\dSPACE RCPHIL 2023-A\DS1202\Lib/libm_fastpow.a(s_scalbn.o)
                              C:\Program Files\dSPACE RCPHIL 2023-A\DS1202\Lib/libm_fastpow.a(e_pow.o) (scalbn)

As-needed library included to satisfy reference by file (symbol)

libDsRealTimeTestingRP.so.1   rti_sim_engine.o07 (dsrtt_script_service_pre_computation)

Memory Configuration

Name             Origin             Length             Attributes
*default*        0x0000000000000000 0xffffffffffffffff

Linker script and memory map

LOAD C:\ProgramData\dSPACE\8FB0EFA7-ABB4-4AA6-86AA-BC02D02B0030\Compiler\QNX650_520\target\qnx6/ppcbe/lib/crt1.o
LOAD C:\ProgramData\dSPACE\8FB0EFA7-ABB4-4AA6-86AA-BC02D02B0030\Compiler\QNX650_520\target\qnx6/ppcbe/lib/crti.o
LOAD c:/programdata/dspace/8fb0efa7-abb4-4aa6-86aa-bc02d02b0030/compiler/qnx650_520/host/win32/x86/usr/bin/../lib/gcc/powerpc-unknown-nto-qnx6.5.0/5.2.0/crtbegin.o
                0x0000000000000000                _DSPACE_START = 0x0
                0x0000000000000000                _DSPACE_START_ = 0x0
                0x00000000000004b2                DS_TARGET_PLATFORM = 0x4b2
START GROUP
LOAD MySimplifiedTestingModel_2.o07
LOAD MySimplifiedTestingModel_2_data.o07
LOAD MySimplifiedTestingModel_2_trc_ptr.o07
LOAD rtGetInf.o07
LOAD rtGetNaN.o07
LOAD rt_nonfinite.o07
LOAD rti_sim_engine.o07
LOAD rti_init_c.o07
LOAD rt_sim.o07
LOAD rti_assert.o07
LOAD C:\Program Files\dSPACE RCPHIL 2023-A\DS1202\Lib/librtcan.so
LOAD C:\Program Files\dSPACE RCPHIL 2023-A\DS1202\Lib/librtj1939.so
LOAD C:\Program Files\dSPACE RCPHIL 2023-A\DS1202\Lib/librtser.so
LOAD C:\Program Files\dSPACE RCPHIL 2023-A\DS1202\Lib/librt13xxio.so
LOAD C:\Program Files\dSPACE RCPHIL 2023-A\DS1202\Lib/librt1202.so
LOAD C:\Program Files\dSPACE RCPHIL 2023-A\DS1202\Lib/librtwrap.so
LOAD C:\Program Files\dSPACE RCPHIL 2023-A\DS1202\Lib/librtversion.a
LOAD C:\Program Files\dSPACE RCPHIL 2023-A\DS1202\Lib/librtglobals.a
LOAD C:\Program Files\dSPACE RCPHIL 2023-A\DS1202\Lib/libm_fastpow.a
END GROUP
LOAD C:\Program Files\dSPACE RCPHIL 2023-A\DS1202\Lib/libstdc++.so
LOAD C:\ProgramData\dSPACE\8FB0EFA7-ABB4-4AA6-86AA-BC02D02B0030\Compiler\QNX650_520\target\qnx6/ppcbe/lib/libm.so
LOAD c:/programdata/dspace/8fb0efa7-abb4-4aa6-86aa-bc02d02b0030/compiler/qnx650_520/host/win32/x86/usr/bin/../lib/gcc/powerpc-unknown-nto-qnx6.5.0/5.2.0\libgcc.a
LOAD C:\ProgramData\dSPACE\8FB0EFA7-ABB4-4AA6-86AA-BC02D02B0030\Compiler\QNX650_520\target\qnx6/ppcbe/lib/libc.so
LOAD C:\ProgramData\dSPACE\8FB0EFA7-ABB4-4AA6-86AA-BC02D02B0030\Compiler\QNX650_520\target\qnx6/ppcbe/lib\libc.a
LOAD c:/programdata/dspace/8fb0efa7-abb4-4aa6-86aa-bc02d02b0030/compiler/qnx650_520/host/win32/x86/usr/bin/../lib/gcc/powerpc-unknown-nto-qnx6.5.0/5.2.0\libgcc.a
LOAD c:/programdata/dspace/8fb0efa7-abb4-4aa6-86aa-bc02d02b0030/compiler/qnx650_520/host/win32/x86/usr/bin/../lib/gcc/powerpc-unknown-nto-qnx6.5.0/5.2.0/crtend.o
LOAD C:\ProgramData\dSPACE\8FB0EFA7-ABB4-4AA6-86AA-BC02D02B0030\Compiler\QNX650_520\target\qnx6/ppcbe/lib/crtn.o
                [!provide]                        PROVIDE (__stack, 0x0)
                [!provide]                        PROVIDE (___stack, 0x0)
                [!provide]                        PROVIDE (__executable_start, 0x48040000)
                0x0000000048040134                . = (0x48040000 + SIZEOF_HEADERS)

.interp         0x0000000048040134       0x14
 *(.interp)
 .interp        0x0000000048040134       0x14 C:\ProgramData\dSPACE\8FB0EFA7-ABB4-4AA6-86AA-BC02D02B0030\Compiler\QNX650_520\target\qnx6/ppcbe/lib/crt1.o

.note           0x0000000048040150       0x18
 .note          0x0000000048040150       0x18 C:\ProgramData\dSPACE\8FB0EFA7-ABB4-4AA6-86AA-BC02D02B0030\Compiler\QNX650_520\target\qnx6/ppcbe/lib/crtn.o

.note.gnu.build-id
                0x0000000048040168       0x20
 *(.note.gnu.build-id)
 .note.gnu.build-id
                0x0000000048040168       0x20 C:\ProgramData\dSPACE\8FB0EFA7-ABB4-4AA6-86AA-BC02D02B0030\Compiler\QNX650_520\target\qnx6/ppcbe/lib/crt1.o

.hash           0x0000000048040188      0x284
 *(.hash)
 .hash          0x0000000048040188      0x284 C:\ProgramData\dSPACE\8FB0EFA7-ABB4-4AA6-86AA-BC02D02B0030\Compiler\QNX650_520\target\qnx6/ppcbe/lib/crt1.o

.gnu.hash
 *(.gnu.hash)

.dynsym         0x000000004804040c      0x5c0
 *(.dynsym)
 .dynsym        0x000000004804040c      0x5c0 C:\ProgramData\dSPACE\8FB0EFA7-ABB4-4AA6-86AA-BC02D02B0030\Compiler\QNX650_520\target\qnx6/ppcbe/lib/crt1.o

.dynstr         0x00000000480409cc      0x6c0
 *(.dynstr)
 .dynstr        0x00000000480409cc      0x6c0 C:\ProgramData\dSPACE\8FB0EFA7-ABB4-4AA6-86AA-BC02D02B0030\Compiler\QNX650_520\target\qnx6/ppcbe/lib/crt1.o

.gnu.version    0x000000004804108c        0x0
 *(.gnu.version)
 .gnu.version   0x000000004804108c        0x0 C:\ProgramData\dSPACE\8FB0EFA7-ABB4-4AA6-86AA-BC02D02B0030\Compiler\QNX650_520\target\qnx6/ppcbe/lib/crt1.o

.gnu.version_d  0x000000004804108c        0x0
 *(.gnu.version_d)
 .gnu.version_d
                0x000000004804108c        0x0 C:\ProgramData\dSPACE\8FB0EFA7-ABB4-4AA6-86AA-BC02D02B0030\Compiler\QNX650_520\target\qnx6/ppcbe/lib/crt1.o

.gnu.version_r  0x000000004804108c        0x0
 *(.gnu.version_r)
 .gnu.version_r
                0x000000004804108c        0x0 C:\ProgramData\dSPACE\8FB0EFA7-ABB4-4AA6-86AA-BC02D02B0030\Compiler\QNX650_520\target\qnx6/ppcbe/lib/crt1.o

.rel.dyn
 *(.rel.init)
 *(.rel.text .rel.text.* .rel.gnu.linkonce.t.*)
 *(.rel.fini)
 *(.rel.rodata .rel.rodata.* .rel.gnu.linkonce.r.*)
 *(.rel.data.rel.ro* .rel.gnu.linkonce.d.rel.ro.*)
 *(.rel.data .rel.data.* .rel.gnu.linkonce.d.*)
 *(.rel.tdata .rel.tdata.* .rel.gnu.linkonce.td.*)
 *(.rel.tbss .rel.tbss.* .rel.gnu.linkonce.tb.*)
 *(.rel.ctors)
 *(.rel.dtors)
 *(.rel.got)
 *(.rel.sdata .rel.sdata.* .rel.gnu.linkonce.s.*)
 *(.rel.sbss .rel.sbss.* .rel.gnu.linkonce.sb.*)
 *(.rel.sdata2 .rel.sdata2.* .rel.gnu.linkonce.s2.*)
 *(.rel.sbss2 .rel.sbss2.* .rel.gnu.linkonce.sb2.*)
 *(.rel.bss .rel.bss.* .rel.gnu.linkonce.b.*)

.rela.dyn       0x000000004804108c       0x6c
 *(.rela.init)
 *(.rela.text .rela.text.* .rela.gnu.linkonce.t.*)
 .rela.text     0x000000004804108c        0x0 C:\ProgramData\dSPACE\8FB0EFA7-ABB4-4AA6-86AA-BC02D02B0030\Compiler\QNX650_520\target\qnx6/ppcbe/lib/crt1.o
 *(.rela.fini)
 *(.rela.rodata .rela.rodata.* .rela.gnu.linkonce.r.*)
 .rela.rodata   0x000000004804108c        0x0 C:\ProgramData\dSPACE\8FB0EFA7-ABB4-4AA6-86AA-BC02D02B0030\Compiler\QNX650_520\target\qnx6/ppcbe/lib/crt1.o
 *(.rela.data .rela.data.* .rela.gnu.linkonce.d.*)
 *(.rela.tdata .rela.tdata.* .rela.gnu.linkonce.td.*)
 *(.rela.tbss .rela.tbss.* .rela.gnu.linkonce.tb.*)
 *(.rela.ctors)
 *(.rela.dtors)
 *(.rela.got)
 .rela.got      0x000000004804108c       0x48 C:\ProgramData\dSPACE\8FB0EFA7-ABB4-4AA6-86AA-BC02D02B0030\Compiler\QNX650_520\target\qnx6/ppcbe/lib/crt1.o
 *(.rela.got1)
 *(.rela.got2)
 *(.rela.sdata .rela.sdata.* .rela.gnu.linkonce.s.*)
 *(.rela.sbss .rela.sbss.* .rela.gnu.linkonce.sb.*)
 .rela.sbss     0x00000000480410d4        0x0 C:\ProgramData\dSPACE\8FB0EFA7-ABB4-4AA6-86AA-BC02D02B0030\Compiler\QNX650_520\target\qnx6/ppcbe/lib/crt1.o
 *(.rela.sdata2 .rela.sdata2.* .rela.gnu.linkonce.s2.*)
 *(.rela.sbss2 .rela.sbss2.* .rela.gnu.linkonce.sb2.*)
 *(.rela.bss .rela.bss.* .rela.gnu.linkonce.b.*)
 .rela.bss      0x00000000480410d4       0x24 C:\ProgramData\dSPACE\8FB0EFA7-ABB4-4AA6-86AA-BC02D02B0030\Compiler\QNX650_520\target\qnx6/ppcbe/lib/crt1.o
 .rela.iplt     0x00000000480410f8        0x0 C:\ProgramData\dSPACE\8FB0EFA7-ABB4-4AA6-86AA-BC02D02B0030\Compiler\QNX650_520\target\qnx6/ppcbe/lib/crt1.o

.rel.plt
 *(.rel.plt)

.rela.plt       0x00000000480410f8      0x36c
 *(.rela.plt)
 .rela.plt      0x00000000480410f8      0x36c C:\ProgramData\dSPACE\8FB0EFA7-ABB4-4AA6-86AA-BC02D02B0030\Compiler\QNX650_520\target\qnx6/ppcbe/lib/crt1.o

.init           0x0000000048041464       0x24
 *(.init)
 .init          0x0000000048041464        0xc C:\ProgramData\dSPACE\8FB0EFA7-ABB4-4AA6-86AA-BC02D02B0030\Compiler\QNX650_520\target\qnx6/ppcbe/lib/crti.o
                0x0000000048041464                _init
 .init          0x0000000048041470        0x4 c:/programdata/dspace/8fb0efa7-abb4-4aa6-86aa-bc02d02b0030/compiler/qnx650_520/host/win32/x86/usr/bin/../lib/gcc/powerpc-unknown-nto-qnx6.5.0/5.2.0/crtbegin.o
 .init          0x0000000048041474        0x4 c:/programdata/dspace/8fb0efa7-abb4-4aa6-86aa-bc02d02b0030/compiler/qnx650_520/host/win32/x86/usr/bin/../lib/gcc/powerpc-unknown-nto-qnx6.5.0/5.2.0/crtend.o
 .init          0x0000000048041478       0x10 C:\ProgramData\dSPACE\8FB0EFA7-ABB4-4AA6-86AA-BC02D02B0030\Compiler\QNX650_520\target\qnx6/ppcbe/lib/crtn.o

.text           0x0000000048041490     0x5c3c
                0x0000000048041490                _btext = .
 *(.text .stub .text.* .gnu.linkonce.t.*)
 .text          0x0000000048041490      0x118 C:\ProgramData\dSPACE\8FB0EFA7-ABB4-4AA6-86AA-BC02D02B0030\Compiler\QNX650_520\target\qnx6/ppcbe/lib/crt1.o
                0x0000000048041490                _start
 .text          0x00000000480415a8        0x0 C:\ProgramData\dSPACE\8FB0EFA7-ABB4-4AA6-86AA-BC02D02B0030\Compiler\QNX650_520\target\qnx6/ppcbe/lib/crti.o
 .text          0x00000000480415a8      0x2b0 c:/programdata/dspace/8fb0efa7-abb4-4aa6-86aa-bc02d02b0030/compiler/qnx650_520/host/win32/x86/usr/bin/../lib/gcc/powerpc-unknown-nto-qnx6.5.0/5.2.0/crtbegin.o
 *fill*         0x0000000048041858        0x8 00000000
 .text          0x0000000048041860     0x3e00 MySimplifiedTestingModel_2.o07
                0x0000000048041c90                rt_roundd_snf
                0x0000000048041cf0                MySimplifiedTestingModel_2_output
                0x0000000048044c60                MySimplifiedTestingModel_2_update
                0x0000000048045260                MySimplifiedTestingModel_2_initialize
                0x0000000048045610                MySimplifiedTestingModel_2_terminate
 .text          0x0000000048045660        0x0 MySimplifiedTestingModel_2_data.o07
 .text          0x0000000048045660      0x154 MySimplifiedTestingModel_2_trc_ptr.o07
                0x0000000048045780                MySimplifiedTestingModel_2_rti_init_trc_pointers
 *fill*         0x00000000480457b4        0xc 00000000
 .text          0x00000000480457c0       0x5c rtGetInf.o07
                0x00000000480457c0                rtGetInf
                0x00000000480457e0                rtGetInfF
                0x00000000480457f0                rtGetMinusInf
                0x0000000048045810                rtGetMinusInfF
 *fill*         0x000000004804581c        0x4 00000000
 .text          0x0000000048045820       0x3c rtGetNaN.o07
                0x0000000048045820                rtGetNaN
                0x0000000048045850                rtGetNaNF
 *fill*         0x000000004804585c        0x4 00000000
 .text          0x0000000048045860      0x158 rt_nonfinite.o07
                0x0000000048045860                rt_InitInfAndNaN
                0x00000000480458c0                rtIsInf
                0x00000000480458f0                rtIsInfF
                0x0000000048045920                rtIsNaN
                0x0000000048045970                rtIsNaNF
 *fill*         0x00000000480459b8        0x8 00000000
 .text          0x00000000480459c0      0x414 rti_sim_engine.o07
                0x0000000048045d60                rtk_idle_function
                0x0000000048045d70                rti_th_timertask1_trigger_source
                0x0000000048045dc0                initConditions
                0x0000000048045dd0                initVariables
 *fill*         0x0000000048045dd4        0xc 00000000
 .text.startup  0x0000000048045de0      0x6e0 rti_sim_engine.o07
                0x0000000048045de0                main
 .text          0x00000000480464c0       0x40 rti_init_c.o07
                0x00000000480464c0                rti_init
 .text          0x0000000048046500       0x44 rt_sim.o07
                0x0000000048046500                rt_SimInitTimingEngine
                0x0000000048046530                rt_SimGetNextSampleHit
                0x0000000048046540                rt_SimUpdateDiscreteTaskSampleHits
 *fill*         0x0000000048046544        0xc 00000000
 .text          0x0000000048046550       0xd4 rti_assert.o07
                0x0000000048046550                rti_assertion_handler
                0x00000000480465e0                rti_assertion_mode_msg
 .text          0x0000000048046624        0x0 C:\Program Files\dSPACE RCPHIL 2023-A\DS1202\Lib/librtversion.a(RtVersion.o)
 *fill*         0x0000000048046624        0xc 00000000
 .text          0x0000000048046630        0x4 C:\Program Files\dSPACE RCPHIL 2023-A\DS1202\Lib/librtglobals.a(DsEESPort.o)
                0x0000000048046630                DsEesPort_init()
 .text          0x0000000048046634       0x20 C:\Program Files\dSPACE RCPHIL 2023-A\DS1202\Lib/libm_fastpow.a(w_pow.o)
                0x0000000048046634                pow
 .text          0x0000000048046654      0x85c C:\Program Files\dSPACE RCPHIL 2023-A\DS1202\Lib/libm_fastpow.a(e_pow.o)
                0x0000000048046654                __ieee754_pow
 .text          0x0000000048046eb0      0x188 C:\Program Files\dSPACE RCPHIL 2023-A\DS1202\Lib/libm_fastpow.a(s_scalbn.o)
                0x0000000048046eb0                scalbn
 .text          0x0000000048047038       0x94 c:/programdata/dspace/8fb0efa7-abb4-4aa6-86aa-bc02d02b0030/compiler/qnx650_520/host/win32/x86/usr/bin/../lib/gcc/powerpc-unknown-nto-qnx6.5.0/5.2.0/crtend.o
 .text          0x00000000480470cc        0x0 C:\ProgramData\dSPACE\8FB0EFA7-ABB4-4AA6-86AA-BC02D02B0030\Compiler\QNX650_520\target\qnx6/ppcbe/lib/crtn.o
 *(.gnu.warning)
 *(.glink)
 .glink         0x00000000480470cc        0x0 C:\ProgramData\dSPACE\8FB0EFA7-ABB4-4AA6-86AA-BC02D02B0030\Compiler\QNX650_520\target\qnx6/ppcbe/lib/crt1.o

.fini           0x00000000480470cc       0x20
 *(.fini)
 .fini          0x00000000480470cc        0xc C:\ProgramData\dSPACE\8FB0EFA7-ABB4-4AA6-86AA-BC02D02B0030\Compiler\QNX650_520\target\qnx6/ppcbe/lib/crti.o
                0x00000000480470cc                _fini
 .fini          0x00000000480470d8        0x4 c:/programdata/dspace/8fb0efa7-abb4-4aa6-86aa-bc02d02b0030/compiler/qnx650_520/host/win32/x86/usr/bin/../lib/gcc/powerpc-unknown-nto-qnx6.5.0/5.2.0/crtbegin.o
 .fini          0x00000000480470dc       0x10 C:\ProgramData\dSPACE\8FB0EFA7-ABB4-4AA6-86AA-BC02D02B0030\Compiler\QNX650_520\target\qnx6/ppcbe/lib/crtn.o
                [!provide]                        PROVIDE (__etext, .)
                0x00000000480470ec                PROVIDE (_etext, .)
                [!provide]                        PROVIDE (etext, .)

.rodata         0x00000000480470f0      0x668
 *(.rodata .rodata.* .gnu.linkonce.r.*)
 .rodata        0x00000000480470f0      0x120 MySimplifiedTestingModel_2.o07
                0x000000004804720c                MySimplifiedTestingModel_2_M
 .rodata.cst4   0x0000000048047210       0x3c MySimplifiedTestingModel_2.o07
 *fill*         0x000000004804724c        0x4 
 .rodata.cst8   0x0000000048047250       0x20 MySimplifiedTestingModel_2.o07
 .rodata.str1.4
                0x0000000048047270       0x12 MySimplifiedTestingModel_2.o07
                                         0x16 (size before relaxing)
 *fill*         0x0000000048047282        0x2 
 .rodata.cst4   0x0000000048047284        0x8 rtGetInf.o07
 .rodata.cst4   0x000000004804728c        0x4 rtGetNaN.o07
 .rodata        0x0000000048047290        0xc rti_sim_engine.o07
                0x0000000048047290                rtiDataSetStorageEnabled
                0x0000000048047294                p_dsts_sum_of_reset_time
                0x0000000048047298                p_msg_last_error_no
 .rodata.cst4   0x000000004804729c        0x4 rti_sim_engine.o07
 .rodata.cst8   0x000000004804729c        0x8 rti_sim_engine.o07
 .rodata.str1.4
                0x000000004804729c      0x284 rti_sim_engine.o07
 .rodata.cst4   0x0000000048047520        0x4 rt_sim.o07
                                          0x8 (size before relaxing)
 .rodata.str1.4
                0x0000000048047524       0x71 rt_sim.o07
 *fill*         0x0000000048047595        0x3 
 .rodata.str1.4
                0x0000000048047598       0x70 rti_assert.o07
                                         0x6d (size before relaxing)
 .rodata        0x0000000048047608       0x30 C:\Program Files\dSPACE RCPHIL 2023-A\DS1202\Lib/libm_fastpow.a(e_pow.o)
 .rodata.cst4   0x0000000048047638        0x8 C:\Program Files\dSPACE RCPHIL 2023-A\DS1202\Lib/libm_fastpow.a(e_pow.o)
 .rodata.cst8   0x0000000048047640       0xe8 C:\Program Files\dSPACE RCPHIL 2023-A\DS1202\Lib/libm_fastpow.a(e_pow.o)
 .rodata.cst8   0x0000000048047728       0x30 C:\Program Files\dSPACE RCPHIL 2023-A\DS1202\Lib/libm_fastpow.a(s_scalbn.o)

.rodata1
 *(.rodata1)

.sdata2         0x0000000048047758        0x0
                0x0000000000008000                PROVIDE (_SDA2_BASE_, 0x8000)
 *(.sdata2 .sdata2.* .gnu.linkonce.s2.*)
 .sdata2        0x0000000048047758        0x0 C:\ProgramData\dSPACE\8FB0EFA7-ABB4-4AA6-86AA-BC02D02B0030\Compiler\QNX650_520\target\qnx6/ppcbe/lib/crt1.o

.sbss2
 *(.sbss2 .sbss2.* .gnu.linkonce.sb2.*)

.eh_frame_hdr   0x0000000048047758       0x14
 *(.eh_frame_hdr)
 .eh_frame_hdr  0x0000000048047758       0x14 C:\Program Files\dSPACE RCPHIL 2023-A\DS1202\Lib/librtglobals.a(DsEESPort.o)

.eh_frame       0x000000004804776c       0x2c
 *(.eh_frame)
 .eh_frame      0x000000004804776c        0x0 C:\ProgramData\dSPACE\8FB0EFA7-ABB4-4AA6-86AA-BC02D02B0030\Compiler\QNX650_520\target\qnx6/ppcbe/lib/crt1.o
 .eh_frame      0x000000004804776c        0x0 c:/programdata/dspace/8fb0efa7-abb4-4aa6-86aa-bc02d02b0030/compiler/qnx650_520/host/win32/x86/usr/bin/../lib/gcc/powerpc-unknown-nto-qnx6.5.0/5.2.0/crtbegin.o
 .eh_frame      0x000000004804776c       0x28 C:\Program Files\dSPACE RCPHIL 2023-A\DS1202\Lib/librtglobals.a(DsEESPort.o)
 .eh_frame      0x0000000048047794        0x4 c:/programdata/dspace/8fb0efa7-abb4-4aa6-86aa-bc02d02b0030/compiler/qnx650_520/host/win32/x86/usr/bin/../lib/gcc/powerpc-unknown-nto-qnx6.5.0/5.2.0/crtend.o

.gcc_except_table
 *(.gcc_except_table .gcc_except_table.*)
                0x0000000048047798                . = (ALIGN (0x1000) - ((0x1000 - .) & 0xfff))
                0x0000000048048798                . = DATA_SEGMENT_ALIGN (0x1000, 0x1000)

.eh_frame
 *(.eh_frame)

.gcc_except_table
 *(.gcc_except_table .gcc_except_table.*)

.tdata
 *(.tdata .tdata.* .gnu.linkonce.td.*)

.tbss
 *(.tbss .tbss.* .gnu.linkonce.tb.*)
 *(.tcommon)

.preinit_array  0x0000000048048798        0x0
                0x0000000048048798                PROVIDE (__preinit_array_start, .)
 *(.preinit_array)
                0x0000000048048798                PROVIDE (__preinit_array_end, .)

.init_array     0x0000000048048798        0x0
                0x0000000048048798                PROVIDE (__init_array_start, .)
 *(SORT(.init_array.*))
 *(.init_array)
                0x0000000048048798                PROVIDE (__init_array_end, .)

.fini_array     0x0000000048048798        0x0
                0x0000000048048798                PROVIDE (__fini_array_start, .)
 *(.fini_array)
 *(SORT(.fini_array.*))
                0x0000000048048798                PROVIDE (__fini_array_end, .)

.ctors          0x0000000048048798        0x8
 *crtbegin.o(.ctors)
 .ctors         0x0000000048048798        0x4 c:/programdata/dspace/8fb0efa7-abb4-4aa6-86aa-bc02d02b0030/compiler/qnx650_520/host/win32/x86/usr/bin/../lib/gcc/powerpc-unknown-nto-qnx6.5.0/5.2.0/crtbegin.o
 *crtbegin?.o(.ctors)
 *(EXCLUDE_FILE(*crtend?.o *crtend.o) .ctors)
 *(SORT(.ctors.*))
 *(.ctors)
 .ctors         0x000000004804879c        0x4 c:/programdata/dspace/8fb0efa7-abb4-4aa6-86aa-bc02d02b0030/compiler/qnx650_520/host/win32/x86/usr/bin/../lib/gcc/powerpc-unknown-nto-qnx6.5.0/5.2.0/crtend.o

.dtors          0x00000000480487a0        0x8
 *crtbegin.o(.dtors)
 .dtors         0x00000000480487a0        0x4 c:/programdata/dspace/8fb0efa7-abb4-4aa6-86aa-bc02d02b0030/compiler/qnx650_520/host/win32/x86/usr/bin/../lib/gcc/powerpc-unknown-nto-qnx6.5.0/5.2.0/crtbegin.o
 *crtbegin?.o(.dtors)
 *(EXCLUDE_FILE(*crtend?.o *crtend.o) .dtors)
 *(SORT(.dtors.*))
 *(.dtors)
 .dtors         0x00000000480487a4        0x4 c:/programdata/dspace/8fb0efa7-abb4-4aa6-86aa-bc02d02b0030/compiler/qnx650_520/host/win32/x86/usr/bin/../lib/gcc/powerpc-unknown-nto-qnx6.5.0/5.2.0/crtend.o
                0x00000000480487a4                __DTOR_END__

.jcr            0x00000000480487a8        0x4
 *(.jcr)
 .jcr           0x00000000480487a8        0x0 c:/programdata/dspace/8fb0efa7-abb4-4aa6-86aa-bc02d02b0030/compiler/qnx650_520/host/win32/x86/usr/bin/../lib/gcc/powerpc-unknown-nto-qnx6.5.0/5.2.0/crtbegin.o
 .jcr           0x00000000480487a8        0x4 c:/programdata/dspace/8fb0efa7-abb4-4aa6-86aa-bc02d02b0030/compiler/qnx650_520/host/win32/x86/usr/bin/../lib/gcc/powerpc-unknown-nto-qnx6.5.0/5.2.0/crtend.o

.data.rel.ro
 *(.data.rel.ro.local* .gnu.linkonce.d.rel.ro.local.*)
 *(.data.rel.ro* .gnu.linkonce.d.rel.ro.*)

.fixup
 *(.fixup)

.got1
 *(.got1)

.got2
 *(.got2)

.dynamic        0x00000000480487ac      0x100
 *(.dynamic)
 .dynamic       0x00000000480487ac      0x100 C:\ProgramData\dSPACE\8FB0EFA7-ABB4-4AA6-86AA-BC02D02B0030\Compiler\QNX650_520\target\qnx6/ppcbe/lib/crt1.o
                0x00000000480487ac                _DYNAMIC

.got
 *(.got)
                0x00000000480488ac                . = DATA_SEGMENT_RELRO_END (., 0x0)

.plt
 *(.plt)

.data           0x00000000480488b0      0x138
 *(.data .data.* .gnu.linkonce.d.*)
 .data          0x00000000480488b0        0x0 C:\ProgramData\dSPACE\8FB0EFA7-ABB4-4AA6-86AA-BC02D02B0030\Compiler\QNX650_520\target\qnx6/ppcbe/lib/crt1.o
 .data          0x00000000480488b0        0x0 C:\ProgramData\dSPACE\8FB0EFA7-ABB4-4AA6-86AA-BC02D02B0030\Compiler\QNX650_520\target\qnx6/ppcbe/lib/crti.o
 .data          0x00000000480488b0        0x0 c:/programdata/dspace/8fb0efa7-abb4-4aa6-86aa-bc02d02b0030/compiler/qnx650_520/host/win32/x86/usr/bin/../lib/gcc/powerpc-unknown-nto-qnx6.5.0/5.2.0/crtbegin.o
 .data.rel.local
                0x00000000480488b0        0x4 c:/programdata/dspace/8fb0efa7-abb4-4aa6-86aa-bc02d02b0030/compiler/qnx650_520/host/win32/x86/usr/bin/../lib/gcc/powerpc-unknown-nto-qnx6.5.0/5.2.0/crtbegin.o
                0x00000000480488b0                __dso_handle
 .data          0x00000000480488b4        0x0 MySimplifiedTestingModel_2.o07
 *fill*         0x00000000480488b4        0x4 
 .data          0x00000000480488b8      0x110 MySimplifiedTestingModel_2_data.o07
                0x00000000480488b8                MySimplifiedTestingModel_2_P
 .data          0x00000000480489c8        0x0 MySimplifiedTestingModel_2_trc_ptr.o07
 .data          0x00000000480489c8        0x0 rtGetInf.o07
 .data          0x00000000480489c8        0x0 rtGetNaN.o07
 .data          0x00000000480489c8        0x0 rt_nonfinite.o07
 .data          0x00000000480489c8       0x14 rti_sim_engine.o07
                0x00000000480489c8                simState
                0x00000000480489d8                lastSimState
 .data          0x00000000480489dc        0x0 rti_init_c.o07
 .data          0x00000000480489dc        0x0 rt_sim.o07
 .data          0x00000000480489dc        0x0 rti_assert.o07
 .data          0x00000000480489dc        0x0 C:\Program Files\dSPACE RCPHIL 2023-A\DS1202\Lib/librtversion.a(RtVersion.o)
 .data          0x00000000480489dc        0x0 C:\Program Files\dSPACE RCPHIL 2023-A\DS1202\Lib/librtglobals.a(DsEESPort.o)
 .data.rel      0x00000000480489dc        0xc C:\Program Files\dSPACE RCPHIL 2023-A\DS1202\Lib/librtglobals.a(DsEESPort.o)
                0x00000000480489dc                p_xilapi_eesport_errorswitching_uint32_T
                0x00000000480489e0                p_xilapi_eesport_erroractivated_uint32_T
                0x00000000480489e4                p_xilapi_eesport_activeerrorset_uint32_T
 .data          0x00000000480489e8        0x0 C:\Program Files\dSPACE RCPHIL 2023-A\DS1202\Lib/libm_fastpow.a(w_pow.o)
 .data          0x00000000480489e8        0x0 C:\Program Files\dSPACE RCPHIL 2023-A\DS1202\Lib/libm_fastpow.a(e_pow.o)
 .data          0x00000000480489e8        0x0 C:\Program Files\dSPACE RCPHIL 2023-A\DS1202\Lib/libm_fastpow.a(s_scalbn.o)
 .data          0x00000000480489e8        0x0 c:/programdata/dspace/8fb0efa7-abb4-4aa6-86aa-bc02d02b0030/compiler/qnx650_520/host/win32/x86/usr/bin/../lib/gcc/powerpc-unknown-nto-qnx6.5.0/5.2.0/crtend.o
 .data          0x00000000480489e8        0x0 C:\ProgramData\dSPACE\8FB0EFA7-ABB4-4AA6-86AA-BC02D02B0030\Compiler\QNX650_520\target\qnx6/ppcbe/lib/crtn.o

.tm_clone_table
                0x00000000480489e8        0x0
 .tm_clone_table
                0x00000000480489e8        0x0 c:/programdata/dspace/8fb0efa7-abb4-4aa6-86aa-bc02d02b0030/compiler/qnx650_520/host/win32/x86/usr/bin/../lib/gcc/powerpc-unknown-nto-qnx6.5.0/5.2.0/crtbegin.o
 .tm_clone_table
                0x00000000480489e8        0x0 c:/programdata/dspace/8fb0efa7-abb4-4aa6-86aa-bc02d02b0030/compiler/qnx650_520/host/win32/x86/usr/bin/../lib/gcc/powerpc-unknown-nto-qnx6.5.0/5.2.0/crtend.o

.data1
 *(.data1)

.got            0x00000000480489e8       0x54
 *(.got)
 .got           0x00000000480489e8       0x54 C:\ProgramData\dSPACE\8FB0EFA7-ABB4-4AA6-86AA-BC02D02B0030\Compiler\QNX650_520\target\qnx6/ppcbe/lib/crt1.o
                0x0000000048048a30                _GLOBAL_OFFSET_TABLE_

.sdata          0x0000000048048a3c        0x0
                0x0000000000008000                PROVIDE (_SDA_BASE_, 0x8000)
 *(.sdata .sdata.* .gnu.linkonce.s.*)
 .sdata         0x0000000048048a3c        0x0 C:\ProgramData\dSPACE\8FB0EFA7-ABB4-4AA6-86AA-BC02D02B0030\Compiler\QNX650_520\target\qnx6/ppcbe/lib/crt1.o
                0x0000000048048a3c                _edata = .
                [!provide]                        PROVIDE (edata, .)
                0x0000000048048a3c                __bss_start = .

.sbss           0x0000000048048a3c        0x0
                [!provide]                        PROVIDE (__sbss_start, .)
                [!provide]                        PROVIDE (___sbss_start, .)
 *(.dynsbss)
 .dynsbss       0x0000000048048a3c        0x0 C:\ProgramData\dSPACE\8FB0EFA7-ABB4-4AA6-86AA-BC02D02B0030\Compiler\QNX650_520\target\qnx6/ppcbe/lib/crt1.o
 *(.sbss .sbss.* .gnu.linkonce.sb.*)
 *(.scommon)
                [!provide]                        PROVIDE (__sbss_end, .)
                [!provide]                        PROVIDE (___sbss_end, .)

.plt            0x0000000048048a3c      0x3b4
 *(.plt)
 .plt           0x0000000048048a3c      0x3b4 C:\ProgramData\dSPACE\8FB0EFA7-ABB4-4AA6-86AA-BC02D02B0030\Compiler\QNX650_520\target\qnx6/ppcbe/lib/crt1.o
                0x0000000048048a84                ts_reset
                0x0000000048048a8c                __register_frame_info
                0x0000000048048a94                msg_error_clear
                0x0000000048048a9c                dsrtt_set_current_time
                0x0000000048048aa4                sqrt
                0x0000000048048aac                rtk_current_task_absolute_time_ptr_get
                0x0000000048048ab4                DsTimeSync_simstateRun
                0x0000000048048abc                floor
                0x0000000048048ac4                memcpy
                0x0000000048048acc                __floatundidf
                0x0000000048048ad4                rtk_setup_temp_overrun_handling
                0x0000000048048adc                ceil
                0x0000000048048ae4                SrtkIntBase_requestTaskMode
                0x0000000048048aec                rtk_reset_tasks
                0x0000000048048af4                __cxa_finalize
                0x0000000048048afc                _init_array
                0x0000000048048b04                rtk_set_task_type
                0x0000000048048b0c                DsTimeSync_baserate
                0x0000000048048b14                rtk_task_name_set
                0x0000000048048b1c                dsrtt_script_service_post_computation
                0x0000000048048b24                rtk_create_task
                0x0000000048048b2c                msg_warning_printf
                0x0000000048048b34                msg_last_error_number
                0x0000000048048b3c                dsser_transmit
                0x0000000048048b44                dsparam_copy_data_set
                0x0000000048048b4c                SrtkPreload_preloadRegion
                0x0000000048048b54                msg_error_set
                0x0000000048048b5c                rtk_enable_services
                0x0000000048048b64                SrtkDaq_Init
                0x0000000048048b6c                rtk_task_task_calls_get
                0x0000000048048b74                dsser_config
                0x0000000048048b7c                SrtkCfg_finalizeSlaveBoot
                0x0000000048048b84                DsTimeSync_setCurrentTimePtr
                0x0000000048048b8c                SrtkIntBase_enableIntGlobal
                0x0000000048048b94                rtk_overrun_flag_clear
                0x0000000048048b9c                dsser_enable
                0x0000000048048ba4                rtk_bind_interrupt
                0x0000000048048bac                _init_libc
                0x0000000048048bb4                dsrtt_init
                0x0000000048048bbc                msg_info_set
                0x0000000048048bc4                strncpy
                0x0000000048048bcc                dsser_disable
                0x0000000048048bd4                dsrtt_script_service_pre_computation
                0x0000000048048bdc                msg_error_printf
                0x0000000048048be4                memset
                0x0000000048048bec                rtk_leave_idle_mode
                0x0000000048048bf4                fmod
                0x0000000048048bfc                __wrap_exit
                0x0000000048048c04                __wrap_atexit
                0x0000000048048c0c                dsser_receive_fifo_level
                0x0000000048048c14                _fini_array
                0x0000000048048c1c                SrtkDaq_Background
                0x0000000048048c24                _preinit_array
                0x0000000048048c2c                SrtkApp_init
                0x0000000048048c34                dsser_transmit_fifo_level
                0x0000000048048c3c                SrtkDaq_Service
                0x0000000048048c44                rtk_task_task_name_get
                0x0000000048048c4c                SrtkSim_notifyStateTransition
                0x0000000048048c54                msg_set
                0x0000000048048c5c                rtk_get_subentry
                0x0000000048048c64                dsrtt_set_step_size
                0x0000000048048c6c                rtk_enter_idle_mode
                0x0000000048048c74                dsser_init
                0x0000000048048c7c                rtk_initialize
                0x0000000048048c84                dsser_receive
                0x0000000048048c8c                SrtkApp_background
                0x0000000048048c94                rtk_default_overrun_fcn
                0x0000000048048c9c                vcm_module_register
                0x0000000048048ca4                DsTimeSync_simstateStop
                0x0000000048048cac                SrtkIntBase_disableIntGlobal
                0x0000000048048cb4                SrtkSim_registerState
                0x0000000048048cbc                __deregister_frame_info
                0x0000000048048cc4                dsser_fifo_reset

.bss            0x0000000048048df0      0xe94
 *(.dynbss)
 .dynbss        0x0000000048048df0       0x14 C:\ProgramData\dSPACE\8FB0EFA7-ABB4-4AA6-86AA-BC02D02B0030\Compiler\QNX650_520\target\qnx6/ppcbe/lib/crt1.o
                0x0000000048048df0                errno
                0x0000000048048df8                dsts_sum_of_reseted_time
                0x0000000048048e00                msg_last_error_no
 *(.bss .bss.* .gnu.linkonce.b.*)
 .bss           0x0000000048048e04        0x0 C:\ProgramData\dSPACE\8FB0EFA7-ABB4-4AA6-86AA-BC02D02B0030\Compiler\QNX650_520\target\qnx6/ppcbe/lib/crt1.o
 .bss           0x0000000048048e04        0x0 C:\ProgramData\dSPACE\8FB0EFA7-ABB4-4AA6-86AA-BC02D02B0030\Compiler\QNX650_520\target\qnx6/ppcbe/lib/crti.o
 .bss           0x0000000048048e04       0x20 c:/programdata/dspace/8fb0efa7-abb4-4aa6-86aa-bc02d02b0030/compiler/qnx650_520/host/win32/x86/usr/bin/../lib/gcc/powerpc-unknown-nto-qnx6.5.0/5.2.0/crtbegin.o
 *fill*         0x0000000048048e24        0x4 
 .bss           0x0000000048048e28      0xd89 MySimplifiedTestingModel_2.o07
                0x0000000048048e28                MySimplifiedTestingModel_2_B
                0x0000000048049510                MySimplifiedTestingModel_2_DW
                0x0000000048049bb0                MySimplifiedTestingMode_PrevZCX
 .bss           0x0000000048049bb1        0x0 MySimplifiedTestingModel_2_data.o07
 *fill*         0x0000000048049bb1        0x3 
 .bss           0x0000000048049bb4       0x40 MySimplifiedTestingModel_2_trc_ptr.o07
                0x0000000048049bb4                p_0_MySimplifiedTestingModel_2_real_T_0
                0x0000000048049bb8                p_0_MySimplifiedTestingModel_2_uint32_T_1
                0x0000000048049bbc                p_0_MySimplifiedTestingModel_2_int32_T_2
                0x0000000048049bc0                p_0_MySimplifiedTestingModel_2_uint16_T_3
                0x0000000048049bc4                p_0_MySimplifiedTestingModel_2_uint8_T_4
                0x0000000048049bc8                p_0_MySimplifiedTestingModel_2_boolean_T_5
                0x0000000048049bcc                p_1_MySimplifiedTestingModel_2_real_T_0
                0x0000000048049bd0                p_1_MySimplifiedTestingModel_2_int32_T_1
                0x0000000048049bd4                p_1_MySimplifiedTestingModel_2_uint32_T_2
                0x0000000048049bd8                p_1_MySimplifiedTestingModel_2_boolean_T_3
                0x0000000048049bdc                p_1_MySimplifiedTestingModel_2_uint8_T_4
                0x0000000048049be0                p_2_MySimplifiedTestingModel_2_real_T_0
                0x0000000048049be4                p_2_MySimplifiedTestingModel_2_int32_T_2
                0x0000000048049be8                p_2_MySimplifiedTestingModel_2_uint16_T_3
                0x0000000048049bec                p_2_MySimplifiedTestingModel_2_uint8_T_4
                0x0000000048049bf0                p_2_MySimplifiedTestingModel_2_boolean_T_5
 .bss           0x0000000048049bf4        0x0 rtGetInf.o07
 .bss           0x0000000048049bf4        0x0 rtGetNaN.o07
 *fill*         0x0000000048049bf4        0x4 
 .bss           0x0000000048049bf8       0x2c rt_nonfinite.o07
                0x0000000048049bf8                rtNaN
                0x0000000048049c00                rtNaNF
                0x0000000048049c08                rtInf
                0x0000000048049c10                rtInfF
                0x0000000048049c18                rtMinusInf
                0x0000000048049c20                rtMinusInfF
 *fill*         0x0000000048049c24        0x4 
 .bss           0x0000000048049c28       0x44 rti_sim_engine.o07
                0x0000000048049c28                currentTime
                0x0000000048049c2c                finalTime
                0x0000000048049c30                modelStepSize
                0x0000000048049c38                rtiDS1202SER_B1_Ser
                0x0000000048049c40                taskMode
                0x0000000048049c44                pRti_TIMERA_STime
                0x0000000048049c48                pRti_TIMERA_TTime
                0x0000000048049c4c                pRti_TIMERA_TState
                0x0000000048049c50                pRti_TIMERA_OType
                0x0000000048049c54                pRti_TIMERA_OMax
                0x0000000048049c58                pRti_TIMERA_ORpt
                0x0000000048049c5c                pRti_TIMERA_OCnt
                0x0000000048049c60                pRti_TIMERA_TCnt
                0x0000000048049c64                pRti_TIMERA_Prio
                0x0000000048049c68                rtiAssertionMode
 .bss           0x0000000048049c6c        0x4 rti_init_c.o07
 .bss           0x0000000048049c70        0x0 rt_sim.o07
 .bss           0x0000000048049c70        0x0 rti_assert.o07
 .bss           0x0000000048049c70        0x0 C:\Program Files\dSPACE RCPHIL 2023-A\DS1202\Lib/librtversion.a(RtVersion.o)
 .bss           0x0000000048049c70       0x14 C:\Program Files\dSPACE RCPHIL 2023-A\DS1202\Lib/librtglobals.a(DsEESPort.o)
                0x0000000048049c70                xilapi_eesport_trigger_uint32_T
                0x0000000048049c74                xilapi_eesport_flags_uint32_T
                0x0000000048049c78                xilapi_eesport_errorswitching_uint32_T
                0x0000000048049c7c                xilapi_eesport_erroractivated_uint32_T
                0x0000000048049c80                xilapi_eesport_activeerrorset_uint32_T
 .bss           0x0000000048049c84        0x0 C:\Program Files\dSPACE RCPHIL 2023-A\DS1202\Lib/libm_fastpow.a(w_pow.o)
 .bss           0x0000000048049c84        0x0 C:\Program Files\dSPACE RCPHIL 2023-A\DS1202\Lib/libm_fastpow.a(e_pow.o)
 .bss           0x0000000048049c84        0x0 C:\Program Files\dSPACE RCPHIL 2023-A\DS1202\Lib/libm_fastpow.a(s_scalbn.o)
 .bss           0x0000000048049c84        0x0 c:/programdata/dspace/8fb0efa7-abb4-4aa6-86aa-bc02d02b0030/compiler/qnx650_520/host/win32/x86/usr/bin/../lib/gcc/powerpc-unknown-nto-qnx6.5.0/5.2.0/crtend.o
 .bss           0x0000000048049c84        0x0 C:\ProgramData\dSPACE\8FB0EFA7-ABB4-4AA6-86AA-BC02D02B0030\Compiler\QNX650_520\target\qnx6/ppcbe/lib/crtn.o
 *(COMMON)
                0x0000000048049c84                . = ALIGN ((. != 0x0)?0x4:0x1)

.iplt           0x0000000048049c90        0x0
 .iplt          0x0000000048049c90        0x0 C:\ProgramData\dSPACE\8FB0EFA7-ABB4-4AA6-86AA-BC02D02B0030\Compiler\QNX650_520\target\qnx6/ppcbe/lib/crt1.o
                0x0000000048049c90                . = ALIGN (0x4)
                0x0000000048049c90                . = ALIGN (0x4)
                0x0000000048049c90                __end = .
                0x0000000048049c90                _end = .
                [!provide]                        PROVIDE (end, .)
                0x0000000048049c90                . = DATA_SEGMENT_END (.)

.stab
 *(.stab)

.stabstr
 *(.stabstr)

.stab.excl
 *(.stab.excl)

.stab.exclstr
 *(.stab.exclstr)

.stab.index
 *(.stab.index)

.stab.indexstr
 *(.stab.indexstr)

.comment        0x0000000000000000       0x47
 *(.comment)
 .comment       0x0000000000000000       0x11 c:/programdata/dspace/8fb0efa7-abb4-4aa6-86aa-bc02d02b0030/compiler/qnx650_520/host/win32/x86/usr/bin/../lib/gcc/powerpc-unknown-nto-qnx6.5.0/5.2.0/crtbegin.o
                                         0x12 (size before relaxing)
 .comment       0x0000000000000011       0x12 MySimplifiedTestingModel_2.o07
 .comment       0x0000000000000011       0x12 MySimplifiedTestingModel_2_data.o07
 .comment       0x0000000000000011       0x12 MySimplifiedTestingModel_2_trc_ptr.o07
 .comment       0x0000000000000011       0x12 rtGetInf.o07
 .comment       0x0000000000000011       0x12 rtGetNaN.o07
 .comment       0x0000000000000011       0x12 rt_nonfinite.o07
 .comment       0x0000000000000011       0x12 rti_sim_engine.o07
 .comment       0x0000000000000011       0x12 rti_init_c.o07
 .comment       0x0000000000000011       0x12 rt_sim.o07
 .comment       0x0000000000000011       0x12 rti_assert.o07
 .comment       0x0000000000000011       0x12 C:\Program Files\dSPACE RCPHIL 2023-A\DS1202\Lib/librtversion.a(RtVersion.o)
 .comment       0x0000000000000011       0x12 C:\Program Files\dSPACE RCPHIL 2023-A\DS1202\Lib/librtglobals.a(DsEESPort.o)
 .comment       0x0000000000000011       0x12 C:\Program Files\dSPACE RCPHIL 2023-A\DS1202\Lib/libm_fastpow.a(w_pow.o)
 .comment       0x0000000000000023       0x12 C:\Program Files\dSPACE RCPHIL 2023-A\DS1202\Lib/libm_fastpow.a(e_pow.o)
 .comment       0x0000000000000035       0x12 C:\Program Files\dSPACE RCPHIL 2023-A\DS1202\Lib/libm_fastpow.a(s_scalbn.o)
 .comment       0x0000000000000047       0x12 c:/programdata/dspace/8fb0efa7-abb4-4aa6-86aa-bc02d02b0030/compiler/qnx650_520/host/win32/x86/usr/bin/../lib/gcc/powerpc-unknown-nto-qnx6.5.0/5.2.0/crtend.o

.PPC.EMB.apuinfo
                0x0000000000000000       0x18
 .PPC.EMB.apuinfo
                0x0000000000000000       0x18 MySimplifiedTestingModel_2.o07
 .PPC.EMB.apuinfo
                0x0000000000000018       0x18 rt_nonfinite.o07
 .PPC.EMB.apuinfo
                0x0000000000000030       0x18 rti_sim_engine.o07

.debug
 *(.debug)

.line
 *(.line)

.debug_srcinfo
 *(.debug_srcinfo)

.debug_sfnames
 *(.debug_sfnames)

.debug_aranges
 *(.debug_aranges)

.debug_pubnames
 *(.debug_pubnames)

.debug_info
 *(.debug_info .gnu.linkonce.wi.*)

.debug_abbrev
 *(.debug_abbrev)

.debug_line
 *(.debug_line)

.debug_frame
 *(.debug_frame)

.debug_str
 *(.debug_str)

.debug_loc
 *(.debug_loc)

.debug_macinfo
 *(.debug_macinfo)

.debug_weaknames
 *(.debug_weaknames)

.debug_funcnames
 *(.debug_funcnames)

.debug_typenames
 *(.debug_typenames)

.debug_varnames
 *(.debug_varnames)

.debug_pubtypes
 *(.debug_pubtypes)

.debug_ranges
 *(.debug_ranges)

.gnu.attributes
                0x0000000000000000       0x14
 *(.gnu.attributes)
 .gnu.attributes
                0x0000000000000000       0x10 MySimplifiedTestingModel_2.o07
 .gnu.attributes
                0x0000000000000010       0x10 rtGetInf.o07
 .gnu.attributes
                0x0000000000000020       0x10 rtGetNaN.o07
 .gnu.attributes
                0x0000000000000030       0x10 rt_nonfinite.o07
 .gnu.attributes
                0x0000000000000040       0x10 rti_sim_engine.o07
 .gnu.attributes
                0x0000000000000050       0x10 rt_sim.o07
 .gnu.attributes
                0x0000000000000060       0x10 rti_assert.o07
 .gnu.attributes
                0x0000000000000070       0x14 C:\Program Files\dSPACE RCPHIL 2023-A\DS1202\Lib/libm_fastpow.a(w_pow.o)
 .gnu.attributes
                0x0000000000000084       0x14 C:\Program Files\dSPACE RCPHIL 2023-A\DS1202\Lib/libm_fastpow.a(e_pow.o)
 .gnu.attributes
                0x0000000000000098       0x14 C:\Program Files\dSPACE RCPHIL 2023-A\DS1202\Lib/libm_fastpow.a(s_scalbn.o)

/DISCARD/
 *(.note.GNU-stack)
 *(.gnu_debuglink)
OUTPUT(MySimplifiedTestingModel_2.ppc elf32-powerpc)
